Archive member included to satisfy reference by file (symbol)

C:/ST/STM32CubeIDE_1.17.0/STM32CubeIDE/plugins/com.st.stm32cube.ide.mcu.externaltools.gnu-tools-for-stm32.13.3.rel1.win32_1.0.0.202411081344/tools/bin/../lib/gcc/arm-none-eabi/13.3.1/../../../../arm-none-eabi/lib/thumb/v7e-m+fp/hard\libc_nano.a(libc_a-exit.o)
                              C:/ST/STM32CubeIDE_1.17.0/STM32CubeIDE/plugins/com.st.stm32cube.ide.mcu.externaltools.gnu-tools-for-stm32.13.3.rel1.win32_1.0.0.202411081344/tools/bin/../lib/gcc/arm-none-eabi/13.3.1/../../../../arm-none-eabi/lib/thumb/v7e-m+fp/hard/crt0.o (exit)
C:/ST/STM32CubeIDE_1.17.0/STM32CubeIDE/plugins/com.st.stm32cube.ide.mcu.externaltools.gnu-tools-for-stm32.13.3.rel1.win32_1.0.0.202411081344/tools/bin/../lib/gcc/arm-none-eabi/13.3.1/../../../../arm-none-eabi/lib/thumb/v7e-m+fp/hard\libc_nano.a(libc_a-findfp.o)
                              C:/ST/STM32CubeIDE_1.17.0/STM32CubeIDE/plugins/com.st.stm32cube.ide.mcu.externaltools.gnu-tools-for-stm32.13.3.rel1.win32_1.0.0.202411081344/tools/bin/../lib/gcc/arm-none-eabi/13.3.1/../../../../arm-none-eabi/lib/thumb/v7e-m+fp/hard\libc_nano.a(libc_a-exit.o) (__stdio_exit_handler)
C:/ST/STM32CubeIDE_1.17.0/STM32CubeIDE/plugins/com.st.stm32cube.ide.mcu.externaltools.gnu-tools-for-stm32.13.3.rel1.win32_1.0.0.202411081344/tools/bin/../lib/gcc/arm-none-eabi/13.3.1/../../../../arm-none-eabi/lib/thumb/v7e-m+fp/hard\libc_nano.a(libc_a-fwalk.o)
                              C:/ST/STM32CubeIDE_1.17.0/STM32CubeIDE/plugins/com.st.stm32cube.ide.mcu.externaltools.gnu-tools-for-stm32.13.3.rel1.win32_1.0.0.202411081344/tools/bin/../lib/gcc/arm-none-eabi/13.3.1/../../../../arm-none-eabi/lib/thumb/v7e-m+fp/hard\libc_nano.a(libc_a-findfp.o) (_fwalk_sglue)
C:/ST/STM32CubeIDE_1.17.0/STM32CubeIDE/plugins/com.st.stm32cube.ide.mcu.externaltools.gnu-tools-for-stm32.13.3.rel1.win32_1.0.0.202411081344/tools/bin/../lib/gcc/arm-none-eabi/13.3.1/../../../../arm-none-eabi/lib/thumb/v7e-m+fp/hard\libc_nano.a(libc_a-snprintf.o)
                              ./Core/Src/game.o (snprintf)
C:/ST/STM32CubeIDE_1.17.0/STM32CubeIDE/plugins/com.st.stm32cube.ide.mcu.externaltools.gnu-tools-for-stm32.13.3.rel1.win32_1.0.0.202411081344/tools/bin/../lib/gcc/arm-none-eabi/13.3.1/../../../../arm-none-eabi/lib/thumb/v7e-m+fp/hard\libc_nano.a(libc_a-sprintf.o)
                              ./Core/Src/user_interface.o (sprintf)
C:/ST/STM32CubeIDE_1.17.0/STM32CubeIDE/plugins/com.st.stm32cube.ide.mcu.externaltools.gnu-tools-for-stm32.13.3.rel1.win32_1.0.0.202411081344/tools/bin/../lib/gcc/arm-none-eabi/13.3.1/../../../../arm-none-eabi/lib/thumb/v7e-m+fp/hard\libc_nano.a(libc_a-stdio.o)
                              C:/ST/STM32CubeIDE_1.17.0/STM32CubeIDE/plugins/com.st.stm32cube.ide.mcu.externaltools.gnu-tools-for-stm32.13.3.rel1.win32_1.0.0.202411081344/tools/bin/../lib/gcc/arm-none-eabi/13.3.1/../../../../arm-none-eabi/lib/thumb/v7e-m+fp/hard\libc_nano.a(libc_a-findfp.o) (__sread)
C:/ST/STM32CubeIDE_1.17.0/STM32CubeIDE/plugins/com.st.stm32cube.ide.mcu.externaltools.gnu-tools-for-stm32.13.3.rel1.win32_1.0.0.202411081344/tools/bin/../lib/gcc/arm-none-eabi/13.3.1/../../../../arm-none-eabi/lib/thumb/v7e-m+fp/hard\libc_nano.a(libc_a-memset.o)
                              C:/ST/STM32CubeIDE_1.17.0/STM32CubeIDE/plugins/com.st.stm32cube.ide.mcu.externaltools.gnu-tools-for-stm32.13.3.rel1.win32_1.0.0.202411081344/tools/bin/../lib/gcc/arm-none-eabi/13.3.1/../../../../arm-none-eabi/lib/thumb/v7e-m+fp/hard/crt0.o (memset)
C:/ST/STM32CubeIDE_1.17.0/STM32CubeIDE/plugins/com.st.stm32cube.ide.mcu.externaltools.gnu-tools-for-stm32.13.3.rel1.win32_1.0.0.202411081344/tools/bin/../lib/gcc/arm-none-eabi/13.3.1/../../../../arm-none-eabi/lib/thumb/v7e-m+fp/hard\libc_nano.a(libc_a-closer.o)
                              C:/ST/STM32CubeIDE_1.17.0/STM32CubeIDE/plugins/com.st.stm32cube.ide.mcu.externaltools.gnu-tools-for-stm32.13.3.rel1.win32_1.0.0.202411081344/tools/bin/../lib/gcc/arm-none-eabi/13.3.1/../../../../arm-none-eabi/lib/thumb/v7e-m+fp/hard\libc_nano.a(libc_a-stdio.o) (_close_r)
C:/ST/STM32CubeIDE_1.17.0/STM32CubeIDE/plugins/com.st.stm32cube.ide.mcu.externaltools.gnu-tools-for-stm32.13.3.rel1.win32_1.0.0.202411081344/tools/bin/../lib/gcc/arm-none-eabi/13.3.1/../../../../arm-none-eabi/lib/thumb/v7e-m+fp/hard\libc_nano.a(libc_a-reent.o)
                              C:/ST/STM32CubeIDE_1.17.0/STM32CubeIDE/plugins/com.st.stm32cube.ide.mcu.externaltools.gnu-tools-for-stm32.13.3.rel1.win32_1.0.0.202411081344/tools/bin/../lib/gcc/arm-none-eabi/13.3.1/../../../../arm-none-eabi/lib/thumb/v7e-m+fp/hard\libc_nano.a(libc_a-closer.o) (errno)
C:/ST/STM32CubeIDE_1.17.0/STM32CubeIDE/plugins/com.st.stm32cube.ide.mcu.externaltools.gnu-tools-for-stm32.13.3.rel1.win32_1.0.0.202411081344/tools/bin/../lib/gcc/arm-none-eabi/13.3.1/../../../../arm-none-eabi/lib/thumb/v7e-m+fp/hard\libc_nano.a(libc_a-impure.o)
[...]
Memory Configuration

Name             Origin             Length             Attributes
CCMRAM           0x10000000         0x00002000         xrw
RAM              0x20000000         0x0000a000         xrw
FLASH            0x08000000         0x00040000         xr
*default*        0x00000000         0xffffffff

Linker script and memory map

LOAD C:/ST/STM32CubeIDE_1.17.0/STM32CubeIDE/plugins/com.st.stm32cube.ide.mcu.externaltools.gnu-tools-for-stm32.13.3.rel1.win32_1.0.0.202411081344/tools/bin/../lib/gcc/arm-none-eabi/13.3.1/thumb/v7e-m+fp/hard/crti.o
LOAD C:/ST/STM32CubeIDE_1.17.0/STM32CubeIDE/plugins/com.st.stm32cube.ide.mcu.externaltools.gnu-tools-for-stm32.13.3.rel1.win32_1.0.0.202411081344/tools/bin/../lib/gcc/arm-none-eabi/13.3.1/thumb/v7e-m+fp/hard/crtbegin.o
LOAD C:/ST/STM32CubeIDE_1.17.0/STM32CubeIDE/plugins/com.st.stm32cube.ide.mcu.externaltools.gnu-tools-for-stm32.13.3.rel1.win32_1.0.0.202411081344/tools/bin/../lib/gcc/arm-none-eabi/13.3.1/../../../../arm-none-eabi/lib/thumb/v7e-m+fp/hard/crt0.o
LOAD ./Core/Src/game.o
LOAD ./Core/Src/led_control.o
LOAD ./Core/Src/main.o
LOAD ./Core/Src/serial.o
LOAD ./Core/Src/serialise.o
LOAD ./Core/Src/signal.o
LOAD ./Core/Src/stm32f3xx_hal_msp.o
LOAD ./Core/Src/stm32f3xx_it.o
LOAD ./Core/Src/syscalls.o
LOAD ./Core/Src/sysmem.o
LOAD ./Core/Src/system_stm32f3xx.o
LOAD ./Core/Src/user_interface.o
LOAD ./Core/Startup/startup_stm32f303vctx.o
LOAD ./Drivers/STM32F3xx_HAL_Driver/Src/stm32f3xx_hal.o
LOAD ./Drivers/STM32F3xx_HAL_Driver/Src/stm32f3xx_hal_cortex.o
LOAD ./Drivers/STM32F3xx_HAL_Driver/Src/stm32f3xx_hal_dma.o
LOAD ./Drivers/STM32F3xx_HAL_Driver/Src/stm32f3xx_hal_exti.o
LOAD ./Drivers/STM32F3xx_HAL_Driver/Src/stm32f3xx_hal_flash.o
LOAD ./Drivers/STM32F3xx_HAL_Driver/Src/stm32f3xx_hal_flash_ex.o
LOAD ./Drivers/STM32F3xx_HAL_Driver/Src/stm32f3xx_hal_gpio.o
LOAD ./Drivers/STM32F3xx_HAL_Driver/Src/stm32f3xx_hal_i2c.o
LOAD ./Drivers/STM32F3xx_HAL_Driver/Src/stm32f3xx_hal_i2c_ex.o
LOAD ./Drivers/STM32F3xx_HAL_Driver/Src/stm32f3xx_hal_pwr.o
LOAD ./Drivers/STM32F3xx_HAL_Driver/Src/stm32f3xx_hal_pwr_ex.o
LOAD ./Drivers/STM32F3xx_HAL_Driver/Src/stm32f3xx_hal_rcc.o
LOAD ./Drivers/STM32F3xx_HAL_Driver/Src/stm32f3xx_hal_rcc_ex.o
LOAD ./Drivers/STM32F3xx_HAL_Driver/Src/stm32f3xx_hal_tsc.o
START GROUP
LOAD C:/ST/STM32CubeIDE_1.17.0/STM32CubeIDE/plugins/com.st.stm32cube.ide.mcu.externaltools.gnu-tools-for-stm32.13.3.rel1.win32_1.0.0.202411081344/tools/bin/../lib/gcc/arm-none-eabi/13.3.1/../../../../arm-none-eabi/lib/thumb/v7e-m+fp/hard\libc_nano.a
LOAD C:/ST/STM32CubeIDE_1.17.0/STM32CubeIDE/plugins/com.st.stm32cube.ide.mcu.externaltools.gnu-tools-for-stm32.13.3.rel1.win32_1.0.0.202411081344/tools/bin/../lib/gcc/arm-none-eabi/13.3.1/../../../../arm-none-eabi/lib/thumb/v7e-m+fp/hard\libm.a
END GROUP
START GROUP
LOAD C:/ST/STM32CubeIDE_1.17.0/STM32CubeIDE/plugins/com.st.stm32cube.ide.mcu.externaltools.gnu-tools-for-stm32.13.3.rel1.win32_1.0.0.202411081344/tools/bin/../lib/gcc/arm-none-eabi/13.3.1/thumb/v7e-m+fp/hard\libgcc.a
LOAD C:/ST/STM32CubeIDE_1.17.0/STM32CubeIDE/plugins/com.st.stm32cube.ide.mcu.externaltools.gnu-tools-for-stm32.13.3.rel1.win32_1.0.0.202411081344/tools/bin/../lib/gcc/arm-none-eabi/13.3.1/../../../../arm-none-eabi/lib/thumb/v7e-m+fp/hard\libc_nano.a
END GROUP
START GROUP
LOAD C:/ST/STM32CubeIDE_1.17.0/STM32CubeIDE/plugins/com.st.stm32cube.ide.mcu.externaltools.gnu-tools-for-stm32.13.3.rel1.win32_1.0.0.202411081344/tools/bin/../lib/gcc/arm-none-eabi/13.3.1/thumb/v7e-m+fp/hard\libgcc.a
LOAD C:/ST/STM32CubeIDE_1.17.0/STM32CubeIDE/plugins/com.st.stm32cube.ide.mcu.externaltools.gnu-tools-for-stm32.13.3.rel1.win32_1.0.0.202411081344/tools/bin/../lib/gcc/arm-none-eabi/13.3.1/../../../../arm-none-eabi/lib/thumb/v7e-m+fp/hard\libc_nano.a
LOAD C:/ST/STM32CubeIDE_1.17.0/STM32CubeIDE/plugins/com.st.stm32cube.ide.mcu.externaltools.gnu-tools-for-stm32.13.3.rel1.win32_1.0.0.202411081344/tools/bin/../lib/gcc/arm-none-eabi/13.3.1/../../../../arm-none-eabi/lib/thumb/v7e-m+fp/hard\libnosys.a
END GROUP
START GROUP
LOAD C:/ST/STM32CubeIDE_1.17.0/STM32CubeIDE/plugins/com.st.stm32cube.ide.mcu.externaltools.gnu-tools-for-stm32.13.3.rel1.win32_1.0.0.202411081344/tools/bin/../lib/gcc/arm-none-eabi/13.3.1/thumb/v7e-m+fp/hard\libgcc.a
LOAD C:/ST/STM32CubeIDE_1.17.0/STM32CubeIDE/plugins/com.st.stm32cube.ide.mcu.externaltools.gnu-tools-for-stm32.13.3.rel1.win32_1.0.0.202411081344/tools/bin/../lib/gcc/arm-none-eabi/13.3.1/../../../../arm-none-eabi/lib/thumb/v7e-m+fp/hard\libc_nano.a
LOAD C:/ST/STM32CubeIDE_1.17.0/STM32CubeIDE/plugins/com.st.stm32cube.ide.mcu.externaltools.gnu-tools-for-stm32.13.3.rel1.win32_1.0.0.202411081344/tools/bin/../lib/gcc/arm-none-eabi/13.3.1/../../../../arm-none-eabi/lib/thumb/v7e-m+fp/hard\libnosys.a
END GROUP
LOAD C:/ST/STM32CubeIDE_1.17.0/STM32CubeIDE/plugins/com.st.stm32cube.ide.mcu.externaltools.gnu-tools-for-stm32.13.3.rel1.win32_1.0.0.202411081344/tools/bin/../lib/gcc/arm-none-eabi/13.3.1/thumb/v7e-m+fp/hard/crtend.o
LOAD C:/ST/STM32CubeIDE_1.17.0/STM32CubeIDE/plugins/com.st.stm32cube.ide.mcu.externaltools.gnu-tools-for-stm32.13.3.rel1.win32_1.0.0.202411081344/tools/bin/../lib/gcc/arm-none-eabi/13.3.1/thumb/v7e-m+fp/hard/crtn.o
                0x2000a000                        _estack = (ORIGIN (RAM) + LENGTH (RAM))
                0x00000200                        _Min_Heap_Size = 0x200
                0x00000400                        _Min_Stack_Size = 0x400

.isr_vector     0x08000000      0x188
                0x08000000                        . = ALIGN (0x4)
 *(.isr_vector)
 .isr_vector    0x08000000      0x188 ./Core/Startup/startup_stm32f303vctx.o
                0x08000000                g_pfnVectors
                0x08000188                        . = ALIGN (0x4)

.text           0x08000190     0x33ac
                0x08000190                        . = ALIGN (0x4)
 *(.text)
 .text          0x08000190       0x40 C:/ST/STM32CubeIDE_1.17.0/STM32CubeIDE/plugins/com.st.stm32cube.ide.mcu.externaltools.gnu-tools-for-stm32.13.3.rel1.win32_1.0.0.202411081344/tools/bin/../lib/gcc/arm-none-eabi/13.3.1/thumb/v7e-m+fp/hard/crtbegin.o
 .text          0x080001d0       0xa0 C:/ST/STM32CubeIDE_1.17.0/STM32CubeIDE/plugins/com.st.stm32cube.ide.mcu.externaltools.gnu-tools-for-stm32.13.3.rel1.win32_1.0.0.202411081344/tools/bin/../lib/gcc/arm-none-eabi/13.3.1/../../../../arm-none-eabi/lib/thumb/v7e-m+fp/hard\libc_nano.a(libc_a-memchr.o)
                0x080001d0                memchr
 *(.text*)
 .text.touch_threshold
                0x08000270       0x26 ./Core/Src/game.o
 *fill*         0x08000296        0x2 
 .text.StartMinigame
                0x08000298      0x1c4 ./Core/Src/game.o
                0x08000298                StartMinigame
 .text.Game_ShowResult
                0x0800045c       0x4c ./Core/Src/game.o
                0x0800045c                Game_ShowResult
 .text.Game_CheckPattern
                0x080004a8       0x48 ./Core/Src/game.o
                0x080004a8                Game_CheckPattern
 .text.delay_ms
                0x080004f0       0x34 ./Core/Src/led_control.o
 .text.LED_Init
                0x08000524       0x74 ./Core/Src/led_control.o
                0x08000524                LED_Init
 .text.LED_Set  0x08000598       0x5c ./Core/Src/led_control.o
                0x08000598                LED_Set
 .text.LED_ClearAll
                0x080005f4       0x20 ./Core/Src/led_control.o
                0x080005f4                LED_ClearAll
 .text.LED_DisplayPattern
                0x08000614       0x50 ./Core/Src/led_control.o
                0x08000614                LED_DisplayPattern
 .text.LED_BlueOn
                0x08000664       0x20 ./Core/Src/led_control.o
                0x08000664                LED_BlueOn
 .text.LED_BlueOff
                0x08000684       0x20 ./Core/Src/led_control.o
                0x08000684                LED_BlueOff
 .text.LED_SignalFailure
                0x080006a4       0x2c ./Core/Src/led_control.o
                0x080006a4                LED_SignalFailure
 .text.LED_SignalSuccess
                0x080006d0       0x2c ./Core/Src/led_control.o
                0x080006d0                LED_SignalSuccess
 .text.main     0x080006fc       0xa0 ./Core/Src/main.o
                0x080006fc                main
 .text.SystemClock_Config
                0x0800079c       0x82 ./Core/Src/main.o
                0x0800079c                SystemClock_Config
 *fill*         0x0800081e        0x2 
 .text.MX_TSC_Init
                0x08000820       0x8c ./Core/Src/main.o
 .text.MX_GPIO_Init
                0x080008ac      0x15c ./Core/Src/main.o
 .text.Error_Handler
                0x08000a08        0xc ./Core/Src/main.o
                0x08000a08                Error_Handler
 .text.SerialInitialise
                0x08000a14       0xe8 ./Core/Src/serial.o
                0x08000a14                SerialInitialise
 .text.SerialOutputChar
                0x08000afc       0x32 ./Core/Src/serial.o
                0x08000afc                SerialOutputChar
 .text.SerialOutputString
                0x08000b2e       0x48 ./Core/Src/serial.o
                0x08000b2e                SerialOutputString
 *fill*         0x08000b76        0x2 
 .text.Signal_Init
                0x08000b78       0x6c ./Core/Src/signal.o
                0x08000b78                Signal_Init
 .text.Signal_SetHigh
                0x08000be4       0x20 ./Core/Src/signal.o
                0x08000be4                Signal_SetHigh
 .text.Signal_SetLow
                0x08000c04       0x20 ./Core/Src/signal.o
                0x08000c04                Signal_SetLow
 .text.Signal_CheckStart
                0x08000c24       0x24 ./Core/Src/signal.o
                0x08000c24                Signal_CheckStart
 .text.HAL_MspInit
                0x08000c48       0x48 ./Core/Src/stm32f3xx_hal_msp.o
                0x08000c48                HAL_MspInit
 .text.HAL_TSC_MspInit
                0x08000c90      0x1c4 ./Core/Src/stm32f3xx_hal_msp.o
                0x08000c90                HAL_TSC_MspInit
 .text.NMI_Handler
                0x08000e54        0x8 ./Core/Src/stm32f3xx_it.o
                0x08000e54                NMI_Handler
 .text.HardFault_Handler
                0x08000e5c        0x8 ./Core/Src/stm32f3xx_it.o
                0x08000e5c                HardFault_Handler
 .text.MemManage_Handler
                0x08000e64        0x8 ./Core/Src/stm32f3xx_it.o
                0x08000e64                MemManage_Handler
 .text.BusFault_Handler
                0x08000e6c        0x8 ./Core/Src/stm32f3xx_it.o
                0x08000e6c                BusFault_Handler
 .text.UsageFault_Handler
                0x08000e74        0x8 ./Core/Src/stm32f3xx_it.o
                0x08000e74                UsageFault_Handler
 .text.SVC_Handler
                0x08000e7c        0xe ./Core/Src/stm32f3xx_it.o
                0x08000e7c                SVC_Handler
 .text.DebugMon_Handler
                0x08000e8a        0xe ./Core/Src/stm32f3xx_it.o
                0x08000e8a                DebugMon_Handler
 .text.PendSV_Handler
                0x08000e98        0xe ./Core/Src/stm32f3xx_it.o
                0x08000e98                PendSV_Handler
 .text.SysTick_Handler
                0x08000ea6        0xc ./Core/Src/stm32f3xx_it.o
                0x08000ea6                SysTick_Handler
 *fill*         0x08000eb2        0x2 
 .text._sbrk    0x08000eb4       0x6c ./Core/Src/sysmem.o
                0x08000eb4                _sbrk
 .text.SystemInit
                0x08000f20       0x24 ./Core/Src/system_stm32f3xx.o
                0x08000f20                SystemInit
 .text.UI_PrintWelcomeMessage
                0x08000f44       0x24 ./Core/Src/user_interface.o
                0x08000f44                UI_PrintWelcomeMessage
 .text.Reset_Handler
                0x08000f68       0x50 ./Core/Startup/startup_stm32f303vctx.o
                0x08000f68                Reset_Handler
 .text.Default_Handler
                0x08000fb8        0x2 ./Core/Startup/startup_stm32f303vctx.o
                0x08000fb8                RTC_Alarm_IRQHandler
                0x08000fb8                TIM8_TRG_COM_IRQHandler
                0x08000fb8                TIM8_CC_IRQHandler
                0x08000fb8                TIM1_CC_IRQHandler
                0x08000fb8                USB_HP_IRQHandler
                0x08000fb8                PVD_IRQHandler
                0x08000fb8                TAMP_STAMP_IRQHandler
                0x08000fb8                EXTI3_IRQHandler
                0x08000fb8                USB_HP_CAN_TX_IRQHandler
                0x08000fb8                EXTI0_IRQHandler
                0x08000fb8                I2C2_EV_IRQHandler
                0x08000fb8                FPU_IRQHandler
                0x08000fb8                TIM1_UP_TIM16_IRQHandler
                0x08000fb8                ADC1_2_IRQHandler
                0x08000fb8                SPI1_IRQHandler
                0x08000fb8                CAN_SCE_IRQHandler
                0x08000fb8                TIM6_DAC_IRQHandler
                0x08000fb8                TIM8_UP_IRQHandler
                0x08000fb8                DMA2_Channel2_IRQHandler
                0x08000fb8                DMA1_Channel4_IRQHandler
                0x08000fb8                USART3_IRQHandler
                0x08000fb8                DMA1_Channel7_IRQHandler
                0x08000fb8                UART5_IRQHandler
                0x08000fb8                ADC3_IRQHandler
                0x08000fb8                TIM4_IRQHandler
                0x08000fb8                CAN_RX1_IRQHandler
                0x08000fb8                DMA2_Channel1_IRQHandler
                0x08000fb8                I2C1_EV_IRQHandler
                0x08000fb8                DMA1_Channel6_IRQHandler
                0x08000fb8                UART4_IRQHandler
                0x08000fb8                DMA2_Channel4_IRQHandler
                0x08000fb8                TIM3_IRQHandler
                0x08000fb8                RCC_IRQHandler
                0x08000fb8                DMA1_Channel1_IRQHandler
                0x08000fb8                Default_Handler
                0x08000fb8                USBWakeUp_RMP_IRQHandler
                0x08000fb8                EXTI15_10_IRQHandler
                0x08000fb8                TIM7_IRQHandler
                0x08000fb8                EXTI9_5_IRQHandler
                0x08000fb8                RTC_WKUP_IRQHandler
                0x08000fb8                SPI2_IRQHandler
                0x08000fb8                USB_LP_CAN_RX0_IRQHandler
                0x08000fb8                DMA2_Channel5_IRQHandler
                0x08000fb8                DMA1_Channel5_IRQHandler
                0x08000fb8                USB_LP_IRQHandler
                0x08000fb8                EXTI4_IRQHandler
                0x08000fb8                TIM1_TRG_COM_TIM17_IRQHandler
                0x08000fb8                DMA1_Channel3_IRQHandler
                0x08000fb8                ADC4_IRQHandler
                0x08000fb8                WWDG_IRQHandler
                0x08000fb8                TIM2_IRQHandler
                0x08000fb8                COMP7_IRQHandler
                0x08000fb8                COMP1_2_3_IRQHandler
                0x08000fb8                EXTI1_IRQHandler
                0x08000fb8                USART2_IRQHandler
                0x08000fb8                COMP4_5_6_IRQHandler
                0x08000fb8                I2C2_ER_IRQHandler
                0x08000fb8                DMA1_Channel2_IRQHandler
                0x08000fb8                TIM8_BRK_IRQHandler
                0x08000fb8                FLASH_IRQHandler
                0x08000fb8                USART1_IRQHandler
                0x08000fb8                SPI3_IRQHandler
                0x08000fb8                I2C1_ER_IRQHandler
                0x08000fb8                USBWakeUp_IRQHandler
                0x08000fb8                DMA2_Channel3_IRQHandler
                0x08000fb8                EXTI2_TSC_IRQHandler
                0x08000fb8                TIM1_BRK_TIM15_IRQHandler
 *fill*         0x08000fba        0x2 
 .text.HAL_Init
                0x08000fbc       0x2c ./Drivers/STM32F3xx_HAL_Driver/Src/stm32f3xx_hal.o
                0x08000fbc                HAL_Init
 .text.HAL_InitTick
                0x08000fe8       0x60 ./Drivers/STM32F3xx_HAL_Driver/Src/stm32f3xx_hal.o
                0x08000fe8                HAL_InitTick
 .text.HAL_IncTick
                0x08001048       0x28 ./Drivers/STM32F3xx_HAL_Driver/Src/stm32f3xx_hal.o
                0x08001048                HAL_IncTick
 .text.HAL_GetTick
                0x08001070       0x18 ./Drivers/STM32F3xx_HAL_Driver/Src/stm32f3xx_hal.o
                0x08001070                HAL_GetTick
 .text.HAL_Delay
                0x08001088       0x48 ./Drivers/STM32F3xx_HAL_Driver/Src/stm32f3xx_hal.o
                0x08001088                HAL_Delay
 .text.__NVIC_SetPriorityGrouping
                0x080010d0       0x48 ./Drivers/STM32F3xx_HAL_Driver/Src/stm32f3xx_hal_cortex.o
 .text.__NVIC_GetPriorityGrouping
                0x08001118       0x1c ./Drivers/STM32F3xx_HAL_Driver/Src/stm32f3xx_hal_cortex.o
 .text.__NVIC_SetPriority
                0x08001134       0x54 ./Drivers/STM32F3xx_HAL_Driver/Src/stm32f3xx_hal_cortex.o
 .text.NVIC_EncodePriority
                0x08001188       0x66 ./Drivers/STM32F3xx_HAL_Driver/Src/stm32f3xx_hal_cortex.o
 *fill*         0x080011ee        0x2 
 .text.SysTick_Config
                0x080011f0       0x44 ./Drivers/STM32F3xx_HAL_Driver/Src/stm32f3xx_hal_cortex.o
 .text.HAL_NVIC_SetPriorityGrouping
                0x08001234       0x16 ./Drivers/STM32F3xx_HAL_Driver/Src/stm32f3xx_hal_cortex.o
                0x08001234                HAL_NVIC_SetPriorityGrouping
 .text.HAL_NVIC_SetPriority
                0x0800124a       0x38 ./Drivers/STM32F3xx_HAL_Driver/Src/stm32f3xx_hal_cortex.o
                0x0800124a                HAL_NVIC_SetPriority
 .text.HAL_SYSTICK_Config
                0x08001282       0x18 ./Drivers/STM32F3xx_HAL_Driver/Src/stm32f3xx_hal_cortex.o
                0x08001282                HAL_SYSTICK_Config
 *fill*         0x0800129a        0x2 
 .text.HAL_GPIO_Init
                0x0800129c      0x2f4 ./Drivers/STM32F3xx_HAL_Driver/Src/stm32f3xx_hal_gpio.o
                0x0800129c                HAL_GPIO_Init
 .text.HAL_GPIO_WritePin
                0x08001590       0x30 ./Drivers/STM32F3xx_HAL_Driver/Src/stm32f3xx_hal_gpio.o
                0x08001590                HAL_GPIO_WritePin
 .text.HAL_RCC_OscConfig
                0x080015c0     0x101c ./Drivers/STM32F3xx_HAL_Driver/Src/stm32f3xx_hal_rcc.o
                0x080015c0                HAL_RCC_OscConfig
 .text.HAL_RCC_ClockConfig
                0x080025dc      0x2dc ./Drivers/STM32F3xx_HAL_Driver/Src/stm32f3xx_hal_rcc.o
                0x080025dc                HAL_RCC_ClockConfig
 .text.HAL_RCC_GetSysClockFreq
                0x080028b8       0xa8 ./Drivers/STM32F3xx_HAL_Driver/Src/stm32f3xx_hal_rcc.o
                0x080028b8                HAL_RCC_GetSysClockFreq
 .text.HAL_TSC_Init
                0x08002960      0x100 ./Drivers/STM32F3xx_HAL_Driver/Src/stm32f3xx_hal_tsc.o
                0x08002960                HAL_TSC_Init
 .text.HAL_TSC_Start
                0x08002a60       0x8e ./Drivers/STM32F3xx_HAL_Driver/Src/stm32f3xx_hal_tsc.o
                0x08002a60                HAL_TSC_Start
 .text.HAL_TSC_GroupGetValue
                0x08002aee       0x24 ./Drivers/STM32F3xx_HAL_Driver/Src/stm32f3xx_hal_tsc.o
                0x08002aee                HAL_TSC_GroupGetValue
 .text.HAL_TSC_IODischarge
                0x08002b12       0x60 ./Drivers/STM32F3xx_HAL_Driver/Src/stm32f3xx_hal_tsc.o
                0x08002b12                HAL_TSC_IODischarge
 .text.TSC_extract_groups
                0x08002b72       0x4a ./Drivers/STM32F3xx_HAL_Driver/Src/stm32f3xx_hal_tsc.o
 .text.snprintf
                0x08002bbc       0x6c C:/ST/STM32CubeIDE_1.17.0/STM32CubeIDE/plugins/com.st.stm32cube.ide.mcu.externaltools.gnu-tools-for-stm32.13.3.rel1.win32_1.0.0.202411081344/tools/bin/../lib/gcc/arm-none-eabi/13.3.1/../../../../arm-none-eabi/lib/thumb/v7e-m+fp/hard\libc_nano.a(libc_a-snprintf.o)
                0x08002bbc                sniprintf
                0x08002bbc                snprintf
 .text.memset   0x08002c28       0x10 C:/ST/STM32CubeIDE_1.17.0/STM32CubeIDE/plugins/com.st.stm32cube.ide.mcu.externaltools.gnu-tools-for-stm32.13.3.rel1.win32_1.0.0.202411081344/tools/bin/../lib/gcc/arm-none-eabi/13.3.1/../../../../arm-none-eabi/lib/thumb/v7e-m+fp/hard\libc_nano.a(libc_a-memset.o)
                0x08002c28                memset
 .text.__errno  0x08002c38        0xc C:/ST/STM32CubeIDE_1.17.0/STM32CubeIDE/plugins/com.st.stm32cube.ide.mcu.externaltools.gnu-tools-for-stm32.13.3.rel1.win32_1.0.0.202411081344/tools/bin/../lib/gcc/arm-none-eabi/13.3.1/../../../../arm-none-eabi/lib/thumb/v7e-m+fp/hard\libc_nano.a(libc_a-errno.o)
                0x08002c38                __errno
 .text.__libc_init_array
                0x08002c44       0x48 C:/ST/STM32CubeIDE_1.17.0/STM32CubeIDE/plugins/com.st.stm32cube.ide.mcu.externaltools.gnu-tools-for-stm32.13.3.rel1.win32_1.0.0.202411081344/tools/bin/../lib/gcc/arm-none-eabi/13.3.1/../../../../arm-none-eabi/lib/thumb/v7e-m+fp/hard\libc_nano.a(libc_a-init.o)
                0x08002c44                __libc_init_array
 .text.__retarget_lock_acquire_recursive
                0x08002c8c        0x2 C:/ST/STM32CubeIDE_1.17.0/STM32CubeIDE/plugins/com.st.stm32cube.ide.mcu.externaltools.gnu-tools-for-stm32.13.3.rel1.win32_1.0.0.202411081344/tools/bin/../lib/gcc/arm-none-eabi/13.3.1/../../../../arm-none-eabi/lib/thumb/v7e-m+fp/hard\libc_nano.a(libc_a-lock.o)
                0x08002c8c                __retarget_lock_acquire_recursive
 .text.__retarget_lock_release_recursive
                0x08002c8e        0x2 C:/ST/STM32CubeIDE_1.17.0/STM32CubeIDE/plugins/com.st.stm32cube.ide.mcu.externaltools.gnu-tools-for-stm32.13.3.rel1.win32_1.0.0.202411081344/tools/bin/../lib/gcc/arm-none-eabi/13.3.1/../../../../arm-none-eabi/lib/thumb/v7e-m+fp/hard\libc_nano.a(libc_a-lock.o)
                0x08002c8e                __retarget_lock_release_recursive
 .text.memcpy   0x08002c90       0x1c C:/ST/STM32CubeIDE_1.17.0/STM32CubeIDE/plugins/com.st.stm32cube.ide.mcu.externaltools.gnu-tools-for-stm32.13.3.rel1.win32_1.0.0.202411081344/tools/bin/../lib/gcc/arm-none-eabi/13.3.1/../../../../arm-none-eabi/lib/thumb/v7e-m+fp/hard\libc_nano.a(libc_a-memcpy-stub.o)
                0x08002c90                memcpy
 .text._free_r  0x08002cac       0x94 C:/ST/STM32CubeIDE_1.17.0/STM32CubeIDE/plugins/com.st.stm32cube.ide.mcu.externaltools.gnu-tools-for-stm32.13.3.rel1.win32_1.0.0.202411081344/tools/bin/../lib/gcc/arm-none-eabi/13.3.1/../../../../arm-none-eabi/lib/thumb/v7e-m+fp/hard\libc_nano.a(libc_a-freer.o)
                0x08002cac                _free_r
 .text.sbrk_aligned
                0x08002d40       0x44 C:/ST/STM32CubeIDE_1.17.0/STM32CubeIDE/plugins/com.st.stm32cube.ide.mcu.externaltools.gnu-tools-for-stm32.13.3.rel1.win32_1.0.0.202411081344/tools/bin/../lib/gcc/arm-none-eabi/13.3.1/../../../../arm-none-eabi/lib/thumb/v7e-m+fp/hard\libc_nano.a(libc_a-mallocr.o)
 .text._malloc_r
                0x08002d84      0x100 C:/ST/STM32CubeIDE_1.17.0/STM32CubeIDE/plugins/com.st.stm32cube.ide.mcu.externaltools.gnu-tools-for-stm32.13.3.rel1.win32_1.0.0.202411081344/tools/bin/../lib/gcc/arm-none-eabi/13.3.1/../../../../arm-none-eabi/lib/thumb/v7e-m+fp/hard\libc_nano.a(libc_a-mallocr.o)
                0x08002d84                _malloc_r
 .text.__malloc_lock
                0x08002e84        0xc C:/ST/STM32CubeIDE_1.17.0/STM32CubeIDE/plugins/com.st.stm32cube.ide.mcu.externaltools.gnu-tools-for-stm32.13.3.rel1.win32_1.0.0.202411081344/tools/bin/../lib/gcc/arm-none-eabi/13.3.1/../../../../arm-none-eabi/lib/thumb/v7e-m+fp/hard\libc_nano.a(libc_a-mlock.o)
                0x08002e84                __malloc_lock
 .text.__malloc_unlock
                0x08002e90        0xc C:/ST/STM32CubeIDE_1.17.0/STM32CubeIDE/plugins/com.st.stm32cube.ide.mcu.externaltools.gnu-tools-for-stm32.13.3.rel1.win32_1.0.0.202411081344/tools/bin/../lib/gcc/arm-none-eabi/13.3.1/../../../../arm-none-eabi/lib/thumb/v7e-m+fp/hard\libc_nano.a(libc_a-mlock.o)
                0x08002e90                __malloc_unlock
 .text.__ssputs_r
                0x08002e9c       0xb6 C:/ST/STM32CubeIDE_1.17.0/STM32CubeIDE/plugins/com.st.stm32cube.ide.mcu.externaltools.gnu-tools-for-stm32.13.3.rel1.win32_1.0.0.202411081344/tools/bin/../lib/gcc/arm-none-eabi/13.3.1/../../../../arm-none-eabi/lib/thumb/v7e-m+fp/hard\libc_nano.a(libc_a-nano-svfprintf.o)
                0x08002e9c                __ssputs_r
 *fill*         0x08002f52        0x2 
 .text._svfprintf_r
                0x08002f54      0x1f8 C:/ST/STM32CubeIDE_1.17.0/STM32CubeIDE/plugins/com.st.stm32cube.ide.mcu.externaltools.gnu-tools-for-stm32.13.3.rel1.win32_1.0.0.202411081344/tools/bin/../lib/gcc/arm-none-eabi/13.3.1/../../../../arm-none-eabi/lib/thumb/v7e-m+fp/hard\libc_nano.a(libc_a-nano-svfprintf.o)
                0x08002f54                _svfiprintf_r
                0x08002f54                _svfprintf_r
 .text._printf_common
                0x0800314c       0xda C:/ST/STM32CubeIDE_1.17.0/STM32CubeIDE/plugins/com.st.stm32cube.ide.mcu.externaltools.gnu-tools-for-stm32.13.3.rel1.win32_1.0.0.202411081344/tools/bin/../lib/gcc/arm-none-eabi/13.3.1/../../../../arm-none-eabi/lib/thumb/v7e-m+fp/hard\libc_nano.a(libc_a-nano-vfprintf_i.o)
                0x0800314c                _printf_common
 *fill*         0x08003226        0x2 
 .text._printf_i
                0x08003228      0x23c C:/ST/STM32CubeIDE_1.17.0/STM32CubeIDE/plugins/com.st.stm32cube.ide.mcu.externaltools.gnu-tools-for-stm32.13.3.rel1.win32_1.0.0.202411081344/tools/bin/../lib/gcc/arm-none-eabi/13.3.1/../../../../arm-none-eabi/lib/thumb/v7e-m+fp/hard\libc_nano.a(libc_a-nano-vfprintf_i.o)
                0x08003228                _printf_i
 .text.memmove  0x08003464       0x34 C:/ST/STM32CubeIDE_1.17.0/STM32CubeIDE/plugins/com.st.stm32cube.ide.mcu.externaltools.gnu-tools-for-stm32.13.3.rel1.win32_1.0.0.202411081344/tools/bin/../lib/gcc/arm-none-eabi/13.3.1/../../../../arm-none-eabi/lib/thumb/v7e-m+fp/hard\libc_nano.a(libc_a-memmove.o)
                0x08003464                memmove
 .text._sbrk_r  0x08003498       0x20 C:/ST/STM32CubeIDE_1.17.0/STM32CubeIDE/plugins/com.st.stm32cube.ide.mcu.externaltools.gnu-tools-for-stm32.13.3.rel1.win32_1.0.0.202411081344/tools/bin/../lib/gcc/arm-none-eabi/13.3.1/../../../../arm-none-eabi/lib/thumb/v7e-m+fp/hard\libc_nano.a(libc_a-sbrkr.o)
                0x08003498                _sbrk_r
 .text._realloc_r
                0x080034b8       0x5c C:/ST/STM32CubeIDE_1.17.0/STM32CubeIDE/plugins/com.st.stm32cube.ide.mcu.externaltools.gnu-tools-for-stm32.13.3.rel1.win32_1.0.0.202411081344/tools/bin/../lib/gcc/arm-none-eabi/13.3.1/../../../../arm-none-eabi/lib/thumb/v7e-m+fp/hard\libc_nano.a(libc_a-reallocr.o)
                0x080034b8                _realloc_r
 .text._malloc_usable_size_r
                0x08003514       0x10 C:/ST/STM32CubeIDE_1.17.0/STM32CubeIDE/plugins/com.st.stm32cube.ide.mcu.externaltools.gnu-tools-for-stm32.13.3.rel1.win32_1.0.0.202411081344/tools/bin/../lib/gcc/arm-none-eabi/13.3.1/../../../../arm-none-eabi/lib/thumb/v7e-m+fp/hard\libc_nano.a(libc_a-msizer.o)
                0x08003514                _malloc_usable_size_r
 *(.glue_7)
 .glue_7        0x08003524        0x0 linker stubs
 *(.glue_7t)
 .glue_7t       0x08003524        0x0 linker stubs
 *(.eh_frame)
 .eh_frame      0x08003524        0x0 C:/ST/STM32CubeIDE_1.17.0/STM32CubeIDE/plugins/com.st.stm32cube.ide.mcu.externaltools.gnu-tools-for-stm32.13.3.rel1.win32_1.0.0.202411081344/tools/bin/../lib/gcc/arm-none-eabi/13.3.1/thumb/v7e-m+fp/hard/crtbegin.o
 *(.init)
 .init          0x08003524        0x4 C:/ST/STM32CubeIDE_1.17.0/STM32CubeIDE/plugins/com.st.stm32cube.ide.mcu.externaltools.gnu-tools-for-stm32.13.3.rel1.win32_1.0.0.202411081344/tools/bin/../lib/gcc/arm-none-eabi/13.3.1/thumb/v7e-m+fp/hard/crti.o
                0x08003524                _init
 .init          0x08003528        0x8 C:/ST/STM32CubeIDE_1.17.0/STM32CubeIDE/plugins/com.st.stm32cube.ide.mcu.externaltools.gnu-tools-for-stm32.13.3.rel1.win32_1.0.0.202411081344/tools/bin/../lib/gcc/arm-none-eabi/13.3.1/thumb/v7e-m+fp/hard/crtn.o
 *(.fini)
 .fini          0x08003530        0x4 C:/ST/STM32CubeIDE_1.17.0/STM32CubeIDE/plugins/com.st.stm32cube.ide.mcu.externaltools.gnu-tools-for-stm32.13.3.rel1.win32_1.0.0.202411081344/tools/bin/../lib/gcc/arm-none-eabi/13.3.1/thumb/v7e-m+fp/hard/crti.o
                0x08003530                _fini
 .fini          0x08003534        0x8 C:/ST/STM32CubeIDE_1.17.0/STM32CubeIDE/plugins/com.st.stm32cube.ide.mcu.externaltools.gnu-tools-for-stm32.13.3.rel1.win32_1.0.0.202411081344/tools/bin/../lib/gcc/arm-none-eabi/13.3.1/thumb/v7e-m+fp/hard/crtn.o
                0x0800353c                        . = ALIGN (0x4)
                0x0800353c                        _etext = .

.vfp11_veneer   0x0800353c        0x0
 .vfp11_veneer  0x0800353c        0x0 linker stubs

.v4_bx          0x0800353c        0x0
 .v4_bx         0x0800353c        0x0 linker stubs

.iplt           0x0800353c        0x0
 .iplt          0x0800353c        0x0 C:/ST/STM32CubeIDE_1.17.0/STM32CubeIDE/plugins/com.st.stm32cube.ide.mcu.externaltools.gnu-tools-for-stm32.13.3.rel1.win32_1.0.0.202411081344/tools/bin/../lib/gcc/arm-none-eabi/13.3.1/thumb/v7e-m+fp/hard/crtbegin.o

.rodata         0x0800353c      0x24c
                0x0800353c                        . = ALIGN (0x4)
 *(.rodata)
 .rodata        0x0800353c       0xe4 ./Core/Src/game.o
 .rodata        0x08003620       0x39 ./Core/Src/main.o
 *fill*         0x08003659        0x3 
 .rodata        0x0800365c       0xc6 ./Core/Src/user_interface.o
 *(.rodata*)
 *fill*         0x08003722        0x2 
 .rodata.AHBPrescTable
                0x08003724       0x10 ./Core/Src/system_stm32f3xx.o
                0x08003724                AHBPrescTable
 .rodata.aPLLMULFactorTable
                0x08003734       0x10 ./Drivers/STM32F3xx_HAL_Driver/Src/stm32f3xx_hal_rcc.o
 .rodata.aPredivFactorTable
                0x08003744       0x10 ./Drivers/STM32F3xx_HAL_Driver/Src/stm32f3xx_hal_rcc.o
 .rodata._svfprintf_r.str1.1
                0x08003754       0x33 C:/ST/STM32CubeIDE_1.17.0/STM32CubeIDE/plugins/com.st.stm32cube.ide.mcu.externaltools.gnu-tools-for-stm32.13.3.rel1.win32_1.0.0.202411081344/tools/bin/../lib/gcc/arm-none-eabi/13.3.1/../../../../arm-none-eabi/lib/thumb/v7e-m+fp/hard\libc_nano.a(libc_a-nano-svfprintf.o)
                                 0x11 (size before relaxing)
 .rodata._printf_i.str1.1
                0x08003787       0x22 C:/ST/STM32CubeIDE_1.17.0/STM32CubeIDE/plugins/com.st.stm32cube.ide.mcu.externaltools.gnu-tools-for-stm32.13.3.rel1.win32_1.0.0.202411081344/tools/bin/../lib/gcc/arm-none-eabi/13.3.1/../../../../arm-none-eabi/lib/thumb/v7e-m+fp/hard\libc_nano.a(libc_a-nano-vfprintf_i.o)
                0x080037ac                        . = ALIGN (0x4)
 *fill*         0x08003787        0x1 

.ARM.extab      0x08003788        0x0
                0x08003788                        . = ALIGN (0x4)
 *(.ARM.extab* .gnu.linkonce.armextab.*)
                0x08003788                        . = ALIGN (0x4)

.ARM            0x08003788        0x8
                0x08003788                        . = ALIGN (0x4)
                0x08003788                        __exidx_start = .
 *(.ARM.exidx*)
 .ARM.exidx     0x08003788        0x8 C:/ST/STM32CubeIDE_1.17.0/STM32CubeIDE/plugins/com.st.stm32cube.ide.mcu.externaltools.gnu-tools-for-stm32.13.3.rel1.win32_1.0.0.202411081344/tools/bin/../lib/gcc/arm-none-eabi/13.3.1/../../../../arm-none-eabi/lib/thumb/v7e-m+fp/hard\libc_nano.a(libc_a-memchr.o)
                0x08003790                        __exidx_end = .
                0x08003790                        . = ALIGN (0x4)

.preinit_array  0x08003790        0x0
                0x08003790                        . = ALIGN (0x4)
                0x08003790                        PROVIDE (__preinit_array_start = .)
 *(.preinit_array*)
                0x08003790                        PROVIDE (__preinit_array_end = .)
                0x08003790                        . = ALIGN (0x4)

.init_array     0x08003790        0x4
                0x08003790                        . = ALIGN (0x4)
                0x08003790                        PROVIDE (__init_array_start = .)
 *(SORT_BY_NAME(.init_array.*))
 *(.init_array*)
 .init_array    0x08003790        0x4 C:/ST/STM32CubeIDE_1.17.0/STM32CubeIDE/plugins/com.st.stm32cube.ide.mcu.externaltools.gnu-tools-for-stm32.13.3.rel1.win32_1.0.0.202411081344/tools/bin/../lib/gcc/arm-none-eabi/13.3.1/thumb/v7e-m+fp/hard/crtbegin.o
                0x08003794                        PROVIDE (__init_array_end = .)
                0x08003794                        . = ALIGN (0x4)

.fini_array     0x08003794        0x4
                0x08003794                        . = ALIGN (0x4)
                [!provide]                        PROVIDE (__fini_array_start = .)
 *(SORT_BY_NAME(.fini_array.*))
 *(.fini_array*)
 .fini_array    0x08003794        0x4 C:/ST/STM32CubeIDE_1.17.0/STM32CubeIDE/plugins/com.st.stm32cube.ide.mcu.externaltools.gnu-tools-for-stm32.13.3.rel1.win32_1.0.0.202411081344/tools/bin/../lib/gcc/arm-none-eabi/13.3.1/thumb/v7e-m+fp/hard/crtbegin.o
                [!provide]                        PROVIDE (__fini_array_end = .)
                0x08003798                        . = ALIGN (0x4)
                0x08003798                        _sidata = LOADADDR (.data)

.rel.dyn        0x08003798        0x0
 .rel.iplt      0x08003798        0x0 C:/ST/STM32CubeIDE_1.17.0/STM32CubeIDE/plugins/com.st.stm32cube.ide.mcu.externaltools.gnu-tools-for-stm32.13.3.rel1.win32_1.0.0.202411081344/tools/bin/../lib/gcc/arm-none-eabi/13.3.1/thumb/v7e-m+fp/hard/crtbegin.o

.data           0x20000000       0xa4 load address 0x08003798
                0x20000000                        . = ALIGN (0x4)
                0x20000000                        _sdata = .
 *(.data)
 *(.data*)
 .data.pattern  0x20000000        0x6 ./Core/Src/game.o
 *fill*         0x20000006        0x2 
 .data.USART1_PORT
                0x20000008       0x40 ./Core/Src/serial.o
                0x20000008                USART1_PORT
 .data.SystemCoreClock
                0x20000048        0x4 ./Core/Src/system_stm32f3xx.o
                0x20000048                SystemCoreClock
 .data.uwTickPrio
                0x2000004c        0x4 ./Drivers/STM32F3xx_HAL_Driver/Src/stm32f3xx_hal.o
                0x2000004c                uwTickPrio
 .data.uwTickFreq
                0x20000050        0x1 ./Drivers/STM32F3xx_HAL_Driver/Src/stm32f3xx_hal.o
                0x20000050                uwTickFreq
 *fill*         0x20000051        0x3 
 .data._impure_ptr
                0x20000054        0x4 C:/ST/STM32CubeIDE_1.17.0/STM32CubeIDE/plugins/com.st.stm32cube.ide.mcu.externaltools.gnu-tools-for-stm32.13.3.rel1.win32_1.0.0.202411081344/tools/bin/../lib/gcc/arm-none-eabi/13.3.1/../../../../arm-none-eabi/lib/thumb/v7e-m+fp/hard\libc_nano.a(libc_a-impure.o)
                0x20000054                _impure_ptr
 .data._impure_data
                0x20000058       0x4c C:/ST/STM32CubeIDE_1.17.0/STM32CubeIDE/plugins/com.st.stm32cube.ide.mcu.externaltools.gnu-tools-for-stm32.13.3.rel1.win32_1.0.0.202411081344/tools/bin/../lib/gcc/arm-none-eabi/13.3.1/../../../../arm-none-eabi/lib/thumb/v7e-m+fp/hard\libc_nano.a(libc_a-impure.o)
                0x20000058                _impure_data
 *(.RamFunc)
 *(.RamFunc*)
                0x200000a4                        . = ALIGN (0x4)
                0x200000a4                        _edata = .
                0x0800383c                        _siccmram = LOADADDR (.ccmram)

.igot.plt       0x200000a4        0x0 load address 0x0800383c
 .igot.plt      0x200000a4        0x0 C:/ST/STM32CubeIDE_1.17.0/STM32CubeIDE/plugins/com.st.stm32cube.ide.mcu.externaltools.gnu-tools-for-stm32.13.3.rel1.win32_1.0.0.202411081344/tools/bin/../lib/gcc/arm-none-eabi/13.3.1/thumb/v7e-m+fp/hard/crtbegin.o

.ccmram         0x10000000        0x0 load address 0x0800383c
                0x10000000                        . = ALIGN (0x4)
                0x10000000                        _sccmram = .
 *(.ccmram)
 *(.ccmram*)
                0x10000000                        . = ALIGN (0x4)
                0x10000000                        _eccmram = .
                0x10000000                        . = ALIGN (0x4)

.bss            0x200000a4      0x1b0
                0x200000a4                        _sbss = .
                0x200000a4                        __bss_start__ = _sbss
 *(.bss)
 .bss           0x200000a4       0x1c C:/ST/STM32CubeIDE_1.17.0/STM32CubeIDE/plugins/com.st.stm32cube.ide.mcu.externaltools.gnu-tools-for-stm32.13.3.rel1.win32_1.0.0.202411081344/tools/bin/../lib/gcc/arm-none-eabi/13.3.1/thumb/v7e-m+fp/hard/crtbegin.o
 *(.bss*)
 .bss.htsc      0x200000c0       0x44 ./Core/Src/main.o
                0x200000c0                htsc
 .bss.__sbrk_heap_end
                0x20000104        0x4 ./Core/Src/sysmem.o
 .bss.uwTick    0x20000108        0x4 ./Drivers/STM32F3xx_HAL_Driver/Src/stm32f3xx_hal.o
                0x20000108                uwTick
 .bss.__sf      0x2000010c      0x138 C:/ST/STM32CubeIDE_1.17.0/STM32CubeIDE/plugins/com.st.stm32cube.ide.mcu.externaltools.gnu-tools-for-stm32.13.3.rel1.win32_1.0.0.202411081344/tools/bin/../lib/gcc/arm-none-eabi/13.3.1/../../../../arm-none-eabi/lib/thumb/v7e-m+fp/hard\libc_nano.a(libc_a-findfp.o)
                0x2000010c                __sf
 .bss.errno     0x20000244        0x4 C:/ST/STM32CubeIDE_1.17.0/STM32CubeIDE/plugins/com.st.stm32cube.ide.mcu.externaltools.gnu-tools-for-stm32.13.3.rel1.win32_1.0.0.202411081344/tools/bin/../lib/gcc/arm-none-eabi/13.3.1/../../../../arm-none-eabi/lib/thumb/v7e-m+fp/hard\libc_nano.a(libc_a-reent.o)
                0x20000244                errno
 .bss.__lock___malloc_recursive_mutex
                0x20000248        0x1 C:/ST/STM32CubeIDE_1.17.0/STM32CubeIDE/plugins/com.st.stm32cube.ide.mcu.externaltools.gnu-tools-for-stm32.13.3.rel1.win32_1.0.0.202411081344/tools/bin/../lib/gcc/arm-none-eabi/13.3.1/../../../../arm-none-eabi/lib/thumb/v7e-m+fp/hard\libc_nano.a(libc_a-lock.o)
                0x20000248                __lock___malloc_recursive_mutex
 *fill*         0x20000249        0x3 
 .bss.__malloc_sbrk_start
                0x2000024c        0x4 C:/ST/STM32CubeIDE_1.17.0/STM32CubeIDE/plugins/com.st.stm32cube.ide.mcu.externaltools.gnu-tools-for-stm32.13.3.rel1.win32_1.0.0.202411081344/tools/bin/../lib/gcc/arm-none-eabi/13.3.1/../../../../arm-none-eabi/lib/thumb/v7e-m+fp/hard\libc_nano.a(libc_a-mallocr.o)
                0x2000024c                __malloc_sbrk_start
 .bss.__malloc_free_list
                0x20000250        0x4 C:/ST/STM32CubeIDE_1.17.0/STM32CubeIDE/plugins/com.st.stm32cube.ide.mcu.externaltools.gnu-tools-for-stm32.13.3.rel1.win32_1.0.0.202411081344/tools/bin/../lib/gcc/arm-none-eabi/13.3.1/../../../../arm-none-eabi/lib/thumb/v7e-m+fp/hard\libc_nano.a(libc_a-mallocr.o)
                0x20000250                __malloc_free_list
 *(COMMON)
                0x20000254                        . = ALIGN (0x4)
                0x20000254                        _ebss = .
                0x20000254                        __bss_end__ = _ebss

._user_heap_stack
                0x20000254      0x604
                0x20000258                        . = ALIGN (0x8)
 *fill*         0x20000254        0x4 
                [!provide]                        PROVIDE (end = .)
                0x20000258                        PROVIDE (_end = .)
                0x20000458                        . = (. + _Min_Heap_Size)
 *fill*         0x20000258      0x200 
                0x20000858                        . = (. + _Min_Stack_Size)
 *fill*         0x20000458      0x400 
                0x20000858                        . = ALIGN (0x8)

/DISCARD/
 libc.a(*)
 libm.a(*)
 libgcc.a(*)

.ARM.attributes
                0x00000000       0x30
 *(.ARM.attributes)
 .ARM.attributes
                0x00000000       0x22 C:/ST/STM32CubeIDE_1.17.0/STM32CubeIDE/plugins/com.st.stm32cube.ide.mcu.externaltools.gnu-tools-for-stm32.13.3.rel1.win32_1.0.0.202411081344/tools/bin/../lib/gcc/arm-none-eabi/13.3.1/thumb/v7e-m+fp/hard/crti.o
 .ARM.attributes
                0x00000022       0x34 C:/ST/STM32CubeIDE_1.17.0/STM32CubeIDE/plugins/com.st.stm32cube.ide.mcu.externaltools.gnu-tools-for-stm32.13.3.rel1.win32_1.0.0.202411081344/tools/bin/../lib/gcc/arm-none-eabi/13.3.1/thumb/v7e-m+fp/hard/crtbegin.o
 .ARM.attributes
                0x00000056       0x34 ./Core/Src/game.o
 .ARM.attributes
                0x0000008a       0x34 ./Core/Src/led_control.o
 .ARM.attributes
                0x000000be       0x34 ./Core/Src/main.o
 .ARM.attributes
                0x000000f2       0x34 ./Core/Src/serial.o
 .ARM.attributes
                0x00000126       0x34 ./Core/Src/signal.o
 .ARM.attributes
                0x0000015a       0x34 ./Core/Src/stm32f3xx_hal_msp.o
 .ARM.attributes
                0x0000018e       0x34 ./Core/Src/stm32f3xx_it.o
 .ARM.attributes
                0x000001c2       0x34 ./Core/Src/sysmem.o
 .ARM.attributes
                0x000001f6       0x34 ./Core/Src/system_stm32f3xx.o
 .ARM.attributes
                0x0000022a       0x34 ./Core/Src/user_interface.o
 .ARM.attributes
                0x0000025e       0x21 ./Core/Startup/startup_stm32f303vctx.o
 .ARM.attributes
                0x0000027f       0x34 ./Drivers/STM32F3xx_HAL_Driver/Src/stm32f3xx_hal.o
 .ARM.attributes
                0x000002b3       0x34 ./Drivers/STM32F3xx_HAL_Driver/Src/stm32f3xx_hal_cortex.o
 .ARM.attributes
                0x000002e7       0x34 ./Drivers/STM32F3xx_HAL_Driver/Src/stm32f3xx_hal_gpio.o
 .ARM.attributes
                0x0000031b       0x34 ./Drivers/STM32F3xx_HAL_Driver/Src/stm32f3xx_hal_rcc.o
 .ARM.attributes
                0x0000034f       0x34 ./Drivers/STM32F3xx_HAL_Driver/Src/stm32f3xx_hal_tsc.o
 .ARM.attributes
                0x00000383       0x34 C:/ST/STM32CubeIDE_1.17.0/STM32CubeIDE/plugins/com.st.stm32cube.ide.mcu.externaltools.gnu-tools-for-stm32.13.3.rel1.win32_1.0.0.202411081344/tools/bin/../lib/gcc/arm-none-eabi/13.3.1/../../../../arm-none-eabi/lib/thumb/v7e-m+fp/hard\libc_nano.a(libc_a-findfp.o)
 .ARM.attributes
                0x000003b7       0x34 C:/ST/STM32CubeIDE_1.17.0/STM32CubeIDE/plugins/com.st.stm32cube.ide.mcu.externaltools.gnu-tools-for-stm32.13.3.rel1.win32_1.0.0.202411081344/tools/bin/../lib/gcc/arm-none-eabi/13.3.1/../../../../arm-none-eabi/lib/thumb/v7e-m+fp/hard\libc_nano.a(libc_a-snprintf.o)
 .ARM.attributes
                0x000003eb       0x34 C:/ST/STM32CubeIDE_1.17.0/STM32CubeIDE/plugins/com.st.stm32cube.ide.mcu.externaltools.gnu-tools-for-stm32.13.3.rel1.win32_1.0.0.202411081344/tools/bin/../lib/gcc/arm-none-eabi/13.3.1/../../../../arm-none-eabi/lib/thumb/v7e-m+fp/hard\libc_nano.a(libc_a-memset.o)
 .ARM.attributes
                0x0000041f       0x34 C:/ST/STM32CubeIDE_1.17.0/STM32CubeIDE/plugins/com.st.stm32cube.ide.mcu.externaltools.gnu-tools-for-stm32.13.3.rel1.win32_1.0.0.202411081344/tools/bin/../lib/gcc/arm-none-eabi/13.3.1/../../../../arm-none-eabi/lib/thumb/v7e-m+fp/hard\libc_nano.a(libc_a-reent.o)
 .ARM.attributes
                0x00000453       0x34 C:/ST/STM32CubeIDE_1.17.0/STM32CubeIDE/plugins/com.st.stm32cube.ide.mcu.externaltools.gnu-tools-for-stm32.13.3.rel1.win32_1.0.0.202411081344/tools/bin/../lib/gcc/arm-none-eabi/13.3.1/../../../../arm-none-eabi/lib/thumb/v7e-m+fp/hard\libc_nano.a(libc_a-impure.o)
 .ARM.attributes
                0x00000487       0x34 C:/ST/STM32CubeIDE_1.17.0/STM32CubeIDE/plugins/com.st.stm32cube.ide.mcu.externaltools.gnu-tools-for-stm32.13.3.rel1.win32_1.0.0.202411081344/tools/bin/../lib/gcc/arm-none-eabi/13.3.1/../../../../arm-none-eabi/lib/thumb/v7e-m+fp/hard\libc_nano.a(libc_a-errno.o)
 .ARM.attributes
                0x000004bb       0x34 C:/ST/STM32CubeIDE_1.17.0/STM32CubeIDE/plugins/com.st.stm32cube.ide.mcu.externaltools.gnu-tools-for-stm32.13.3.rel1.win32_1.0.0.202411081344/tools/bin/../lib/gcc/arm-none-eabi/13.3.1/../../../../arm-none-eabi/lib/thumb/v7e-m+fp/hard\libc_nano.a(libc_a-init.o)
 .ARM.attributes
                0x000004ef       0x34 C:/ST/STM32CubeIDE_1.17.0/STM32CubeIDE/plugins/com.st.stm32cube.ide.mcu.externaltools.gnu-tools-for-stm32.13.3.rel1.win32_1.0.0.202411081344/tools/bin/../lib/gcc/arm-none-eabi/13.3.1/../../../../arm-none-eabi/lib/thumb/v7e-m+fp/hard\libc_nano.a(libc_a-lock.o)
 .ARM.attributes
                0x00000523       0x34 C:/ST/STM32CubeIDE_1.17.0/STM32CubeIDE/plugins/com.st.stm32cube.ide.mcu.externaltools.gnu-tools-for-stm32.13.3.rel1.win32_1.0.0.202411081344/tools/bin/../lib/gcc/arm-none-eabi/13.3.1/../../../../arm-none-eabi/lib/thumb/v7e-m+fp/hard\libc_nano.a(libc_a-memcpy-stub.o)
 .ARM.attributes
                0x00000557       0x34 C:/ST/STM32CubeIDE_1.17.0/STM32CubeIDE/plugins/com.st.stm32cube.ide.mcu.externaltools.gnu-tools-for-stm32.13.3.rel1.win32_1.0.0.202411081344/tools/bin/../lib/gcc/arm-none-eabi/13.3.1/../../../../arm-none-eabi/lib/thumb/v7e-m+fp/hard\libc_nano.a(libc_a-freer.o)
 .ARM.attributes
                0x0000058b       0x34 C:/ST/STM32CubeIDE_1.17.0/STM32CubeIDE/plugins/com.st.stm32cube.ide.mcu.externaltools.gnu-tools-for-stm32.13.3.rel1.win32_1.0.0.202411081344/tools/bin/../lib/gcc/arm-none-eabi/13.3.1/../../../../arm-none-eabi/lib/thumb/v7e-m+fp/hard\libc_nano.a(libc_a-mallocr.o)
 .ARM.attributes
                0x000005bf       0x34 C:/ST/STM32CubeIDE_1.17.0/STM32CubeIDE/plugins/com.st.stm32cube.ide.mcu.externaltools.gnu-tools-for-stm32.13.3.rel1.win32_1.0.0.202411081344/tools/bin/../lib/gcc/arm-none-eabi/13.3.1/../../../../arm-none-eabi/lib/thumb/v7e-m+fp/hard\libc_nano.a(libc_a-mlock.o)
 .ARM.attributes
                0x000005f3       0x34 C:/ST/STM32CubeIDE_1.17.0/STM32CubeIDE/plugins/com.st.stm32cube.ide.mcu.externaltools.gnu-tools-for-stm32.13.3.rel1.win32_1.0.0.202411081344/tools/bin/../lib/gcc/arm-none-eabi/13.3.1/../../../../arm-none-eabi/lib/thumb/v7e-m+fp/hard\libc_nano.a(libc_a-nano-svfprintf.o)
 .ARM.attributes
                0x00000627       0x34 C:/ST/STM32CubeIDE_1.17.0/STM32CubeIDE/plugins/com.st.stm32cube.ide.mcu.externaltools.gnu-tools-for-stm32.13.3.rel1.win32_1.0.0.202411081344/tools/bin/../lib/gcc/arm-none-eabi/13.3.1/../../../../arm-none-eabi/lib/thumb/v7e-m+fp/hard\libc_nano.a(libc_a-nano-vfprintf_i.o)
 .ARM.attributes
                0x0000065b       0x34 C:/ST/STM32CubeIDE_1.17.0/STM32CubeIDE/plugins/com.st.stm32cube.ide.mcu.externaltools.gnu-tools-for-stm32.13.3.rel1.win32_1.0.0.202411081344/tools/bin/../lib/gcc/arm-none-eabi/13.3.1/../../../../arm-none-eabi/lib/thumb/v7e-m+fp/hard\libc_nano.a(libc_a-memmove.o)
 .ARM.attributes
                0x0000068f       0x34 C:/ST/STM32CubeIDE_1.17.0/STM32CubeIDE/plugins/com.st.stm32cube.ide.mcu.externaltools.gnu-tools-for-stm32.13.3.rel1.win32_1.0.0.202411081344/tools/bin/../lib/gcc/arm-none-eabi/13.3.1/../../../../arm-none-eabi/lib/thumb/v7e-m+fp/hard\libc_nano.a(libc_a-sbrkr.o)
 .ARM.attributes
                0x000006c3       0x1c C:/ST/STM32CubeIDE_1.17.0/STM32CubeIDE/plugins/com.st.stm32cube.ide.mcu.externaltools.gnu-tools-for-stm32.13.3.rel1.win32_1.0.0.202411081344/tools/bin/../lib/gcc/arm-none-eabi/13.3.1/../../../../arm-none-eabi/lib/thumb/v7e-m+fp/hard\libc_nano.a(libc_a-memchr.o)
 .ARM.attributes
                0x000006df       0x34 C:/ST/STM32CubeIDE_1.17.0/STM32CubeIDE/plugins/com.st.stm32cube.ide.mcu.externaltools.gnu-tools-for-stm32.13.3.rel1.win32_1.0.0.202411081344/tools/bin/../lib/gcc/arm-none-eabi/13.3.1/../../../../arm-none-eabi/lib/thumb/v7e-m+fp/hard\libc_nano.a(libc_a-reallocr.o)
 .ARM.attributes
                0x00000713       0x34 C:/ST/STM32CubeIDE_1.17.0/STM32CubeIDE/plugins/com.st.stm32cube.ide.mcu.externaltools.gnu-tools-for-stm32.13.3.rel1.win32_1.0.0.202411081344/tools/bin/../lib/gcc/arm-none-eabi/13.3.1/../../../../arm-none-eabi/lib/thumb/v7e-m+fp/hard\libc_nano.a(libc_a-msizer.o)
 .ARM.attributes
                0x00000747       0x22 C:/ST/STM32CubeIDE_1.17.0/STM32CubeIDE/plugins/com.st.stm32cube.ide.mcu.externaltools.gnu-tools-for-stm32.13.3.rel1.win32_1.0.0.202411081344/tools/bin/../lib/gcc/arm-none-eabi/13.3.1/thumb/v7e-m+fp/hard/crtn.o
OUTPUT(MPTouchSensors.elf elf32-littlearm)
LOAD linker stubs
LOAD C:/ST/STM32CubeIDE_1.17.0/STM32CubeIDE/plugins/com.st.stm32cube.ide.mcu.externaltools.gnu-tools-for-stm32.13.3.rel1.win32_1.0.0.202411081344/tools/bin/../lib/gcc/arm-none-eabi/13.3.1/../../../../arm-none-eabi/lib/thumb/v7e-m+fp/hard\libc.a
LOAD C:/ST/STM32CubeIDE_1.17.0/STM32CubeIDE/plugins/com.st.stm32cube.ide.mcu.externaltools.gnu-tools-for-stm32.13.3.rel1.win32_1.0.0.202411081344/tools/bin/../lib/gcc/arm-none-eabi/13.3.1/../../../../arm-none-eabi/lib/thumb/v7e-m+fp/hard\libm.a
LOAD C:/ST/STM32CubeIDE_1.17.0/STM32CubeIDE/plugins/com.st.stm32cube.ide.mcu.externaltools.gnu-tools-for-stm32.13.3.rel1.win32_1.0.0.202411081344/tools/bin/../lib/gcc/arm-none-eabi/13.3.1/thumb/v7e-m+fp/hard\libgcc.a

.debug_info     0x00000000     0x61a7
 .debug_info    0x00000000      0x6af ./Core/Src/game.o
 .debug_info    0x000006af      0x32b ./Core/Src/led_control.o
 .debug_info    0x000009da      0xa08 ./Core/Src/main.o
 .debug_info    0x000013e2      0x6aa ./Core/Src/serial.o
 .debug_info    0x00001a8c      0x234 ./Core/Src/signal.o
 .debug_info    0x00001cc0      0x656 ./Core/Src/stm32f3xx_hal_msp.o
 .debug_info    0x00002316      0x113 ./Core/Src/stm32f3xx_it.o
 .debug_info    0x00002429      0x168 ./Core/Src/sysmem.o
 .debug_info    0x00002591      0x407 ./Core/Src/system_stm32f3xx.o
 .debug_info    0x00002998      0x176 ./Core/Src/user_interface.o
 .debug_info    0x00002b0e       0x30 ./Core/Startup/startup_stm32f303vctx.o
 .debug_info    0x00002b3e      0x7d4 ./Drivers/STM32F3xx_HAL_Driver/Src/stm32f3xx_hal.o
 .debug_info    0x00003312      0xce4 ./Drivers/STM32F3xx_HAL_Driver/Src/stm32f3xx_hal_cortex.o
 .debug_info    0x00003ff6      0x5fe ./Drivers/STM32F3xx_HAL_Driver/Src/stm32f3xx_hal_gpio.o
 .debug_info    0x000045f4     0x148a ./Drivers/STM32F3xx_HAL_Driver/Src/stm32f3xx_hal_rcc.o
 .debug_info    0x00005a7e      0x729 ./Drivers/STM32F3xx_HAL_Driver/Src/stm32f3xx_hal_tsc.o

.debug_abbrev   0x00000000     0x19d6
 .debug_abbrev  0x00000000      0x241 ./Core/Src/game.o
 .debug_abbrev  0x00000241      0x16c ./Core/Src/led_control.o
 .debug_abbrev  0x000003ad      0x2ab ./Core/Src/main.o
 .debug_abbrev  0x00000658      0x1d5 ./Core/Src/serial.o
 .debug_abbrev  0x0000082d       0xd1 ./Core/Src/signal.o
 .debug_abbrev  0x000008fe      0x180 ./Core/Src/stm32f3xx_hal_msp.o
 .debug_abbrev  0x00000a7e       0x73 ./Core/Src/stm32f3xx_it.o
 .debug_abbrev  0x00000af1       0xbc ./Core/Src/sysmem.o
 .debug_abbrev  0x00000bad      0x11a ./Core/Src/system_stm32f3xx.o
 .debug_abbrev  0x00000cc7      0x10a ./Core/Src/user_interface.o
 .debug_abbrev  0x00000dd1       0x24 ./Core/Startup/startup_stm32f303vctx.o
 .debug_abbrev  0x00000df5      0x215 ./Drivers/STM32F3xx_HAL_Driver/Src/stm32f3xx_hal.o
 .debug_abbrev  0x0000100a      0x31e ./Drivers/STM32F3xx_HAL_Driver/Src/stm32f3xx_hal_cortex.o
 .debug_abbrev  0x00001328      0x1ca ./Drivers/STM32F3xx_HAL_Driver/Src/stm32f3xx_hal_gpio.o
 .debug_abbrev  0x000014f2      0x300 ./Drivers/STM32F3xx_HAL_Driver/Src/stm32f3xx_hal_rcc.o
 .debug_abbrev  0x000017f2      0x1e4 ./Drivers/STM32F3xx_HAL_Driver/Src/stm32f3xx_hal_tsc.o

.debug_aranges  0x00000000      0x638
 .debug_aranges
                0x00000000       0x48 ./Core/Src/game.o
 .debug_aranges
                0x00000048       0x60 ./Core/Src/led_control.o
 .debug_aranges
                0x000000a8       0x40 ./Core/Src/main.o
 .debug_aranges
                0x000000e8       0x50 ./Core/Src/serial.o
 .debug_aranges
                0x00000138       0x38 ./Core/Src/signal.o
 .debug_aranges
                0x00000170       0x30 ./Core/Src/stm32f3xx_hal_msp.o
 .debug_aranges
                0x000001a0       0x60 ./Core/Src/stm32f3xx_it.o
 .debug_aranges
                0x00000200       0x20 ./Core/Src/sysmem.o
 .debug_aranges
                0x00000220       0x28 ./Core/Src/system_stm32f3xx.o
 .debug_aranges
                0x00000248       0x38 ./Core/Src/user_interface.o
 .debug_aranges
                0x00000280       0x28 ./Core/Startup/startup_stm32f303vctx.o
 .debug_aranges
                0x000002a8       0xe0 ./Drivers/STM32F3xx_HAL_Driver/Src/stm32f3xx_hal.o
 .debug_aranges
                0x00000388      0x128 ./Drivers/STM32F3xx_HAL_Driver/Src/stm32f3xx_hal_cortex.o
 .debug_aranges
                0x000004b0       0x58 ./Drivers/STM32F3xx_HAL_Driver/Src/stm32f3xx_hal_gpio.o
 .debug_aranges
                0x00000508       0x88 ./Drivers/STM32F3xx_HAL_Driver/Src/stm32f3xx_hal_rcc.o
 .debug_aranges
                0x00000590       0xa8 ./Drivers/STM32F3xx_HAL_Driver/Src/stm32f3xx_hal_tsc.o

.debug_rnglists
                0x00000000      0x47c
 .debug_rnglists
                0x00000000       0x33 ./Core/Src/game.o
 .debug_rnglists
                0x00000033       0x43 ./Core/Src/led_control.o
 .debug_rnglists
                0x00000076       0x2f ./Core/Src/main.o
 .debug_rnglists
                0x000000a5       0x45 ./Core/Src/serial.o
 .debug_rnglists
                0x000000ea       0x25 ./Core/Src/signal.o
 .debug_rnglists
                0x0000010f       0x20 ./Core/Src/stm32f3xx_hal_msp.o
 .debug_rnglists
                0x0000012f       0x43 ./Core/Src/stm32f3xx_it.o
 .debug_rnglists
                0x00000172       0x13 ./Core/Src/sysmem.o
 .debug_rnglists
                0x00000185       0x1a ./Core/Src/system_stm32f3xx.o
 .debug_rnglists
                0x0000019f       0x25 ./Core/Src/user_interface.o
 .debug_rnglists
                0x000001c4       0x19 ./Core/Startup/startup_stm32f303vctx.o
 .debug_rnglists
                0x000001dd       0xa3 ./Drivers/STM32F3xx_HAL_Driver/Src/stm32f3xx_hal.o
 .debug_rnglists
                0x00000280       0xda ./Drivers/STM32F3xx_HAL_Driver/Src/stm32f3xx_hal_cortex.o
 .debug_rnglists
                0x0000035a       0x3f ./Drivers/STM32F3xx_HAL_Driver/Src/stm32f3xx_hal_gpio.o
 .debug_rnglists
                0x00000399       0x66 ./Drivers/STM32F3xx_HAL_Driver/Src/stm32f3xx_hal_rcc.o
 .debug_rnglists
                0x000003ff       0x7d ./Drivers/STM32F3xx_HAL_Driver/Src/stm32f3xx_hal_tsc.o

.debug_macro    0x00000000    0x1d6d1
 .debug_macro   0x00000000      0x2f3 ./Core/Src/game.o
 .debug_macro   0x000002f3      0xad8 ./Core/Src/game.o
 .debug_macro   0x00000dcb       0x22 ./Core/Src/game.o
 .debug_macro   0x00000ded       0x8e ./Core/Src/game.o
 .debug_macro   0x00000e7b       0x51 ./Core/Src/game.o
 .debug_macro   0x00000ecc      0x103 ./Core/Src/game.o
 .debug_macro   0x00000fcf       0x6a ./Core/Src/game.o
 .debug_macro   0x00001039      0x1df ./Core/Src/game.o
 .debug_macro   0x00001218       0x22 ./Core/Src/game.o
 .debug_macro   0x0000123a      0x158 ./Core/Src/game.o
 .debug_macro   0x00001392       0x2e ./Core/Src/game.o
 .debug_macro   0x000013c0       0x28 ./Core/Src/game.o
 .debug_macro   0x000013e8       0x1c ./Core/Src/game.o
 .debug_macro   0x00001404       0x22 ./Core/Src/game.o
 .debug_macro   0x00001426       0xd9 ./Core/Src/game.o
 .debug_macro   0x000014ff     0x102d ./Core/Src/game.o
 .debug_macro   0x0000252c      0x11f ./Core/Src/game.o
 .debug_macro   0x0000264b    0x12a3a ./Core/Src/game.o
 .debug_macro   0x00015085       0x6d ./Core/Src/game.o
 .debug_macro   0x000150f2     0x3574 ./Core/Src/game.o
 .debug_macro   0x00018666      0x190 ./Core/Src/game.o
 .debug_macro   0x000187f6       0x55 ./Core/Src/game.o
 .debug_macro   0x0001884b      0x961 ./Core/Src/game.o
 .debug_macro   0x000191ac      0x5fe ./Core/Src/game.o
 .debug_macro   0x000197aa      0x1b5 ./Core/Src/game.o
 .debug_macro   0x0001995f      0x1fb ./Core/Src/game.o
 .debug_macro   0x00019b5a      0x1dc ./Core/Src/game.o
 .debug_macro   0x00019d36      0x1bc ./Core/Src/game.o
 .debug_macro   0x00019ef2       0x30 ./Core/Src/game.o
 .debug_macro   0x00019f22       0x3c ./Core/Src/game.o
 .debug_macro   0x00019f5e      0x235 ./Core/Src/game.o
 .debug_macro   0x0001a193       0xc5 ./Core/Src/game.o
 .debug_macro   0x0001a258      0x21d ./Core/Src/game.o
 .debug_macro   0x0001a475      0x22c ./Core/Src/game.o
 .debug_macro   0x0001a6a1       0x5b ./Core/Src/game.o
 .debug_macro   0x0001a6fc       0xa5 ./Core/Src/game.o
 .debug_macro   0x0001a7a1       0x81 ./Core/Src/game.o
 .debug_macro   0x0001a822       0xd3 ./Core/Src/game.o
 .debug_macro   0x0001a8f5      0x3d7 ./Core/Src/game.o
 .debug_macro   0x0001accc      0x275 ./Core/Src/game.o
 .debug_macro   0x0001af41       0xe8 ./Core/Src/game.o
 .debug_macro   0x0001b029       0x61 ./Core/Src/game.o
 .debug_macro   0x0001b08a       0x2a ./Core/Src/game.o
 .debug_macro   0x0001b0b4       0x43 ./Core/Src/game.o
 .debug_macro   0x0001b0f7       0x34 ./Core/Src/game.o
 .debug_macro   0x0001b12b      0x370 ./Core/Src/game.o
 .debug_macro   0x0001b49b       0x16 ./Core/Src/game.o
 .debug_macro   0x0001b4b1       0x4a ./Core/Src/game.o
 .debug_macro   0x0001b4fb       0x34 ./Core/Src/game.o
 .debug_macro   0x0001b52f       0x10 ./Core/Src/game.o
 .debug_macro   0x0001b53f       0x58 ./Core/Src/game.o
 .debug_macro   0x0001b597       0x8e ./Core/Src/game.o
 .debug_macro   0x0001b625       0x1c ./Core/Src/game.o
 .debug_macro   0x0001b641      0x185 ./Core/Src/game.o
 .debug_macro   0x0001b7c6       0x10 ./Core/Src/game.o
 .debug_macro   0x0001b7d6       0x3c ./Core/Src/game.o
 .debug_macro   0x0001b812       0x20 ./Core/Src/game.o
 .debug_macro   0x0001b832      0x1c3 ./Core/Src/led_control.o
 .debug_macro   0x0001b9f5      0x30b ./Core/Src/main.o
 .debug_macro   0x0001bd00       0x16 ./Core/Src/main.o
 .debug_macro   0x0001bd16       0x10 ./Core/Src/main.o
 .debug_macro   0x0001bd26       0x16 ./Core/Src/main.o
 .debug_macro   0x0001bd3c       0x16 ./Core/Src/main.o
 .debug_macro   0x0001bd52      0x146 ./Core/Src/main.o
 .debug_macro   0x0001be98       0x16 ./Core/Src/main.o
 .debug_macro   0x0001beae      0x1b5 ./Core/Src/serial.o
 .debug_macro   0x0001c063       0x10 ./Core/Src/serial.o
 .debug_macro   0x0001c073      0x1cc ./Core/Src/signal.o
 .debug_macro   0x0001c23f      0x1c8 ./Core/Src/stm32f3xx_hal_msp.o
 .debug_macro   0x0001c407      0x1d2 ./Core/Src/stm32f3xx_it.o
 .debug_macro   0x0001c5d9      0x112 ./Core/Src/sysmem.o
 .debug_macro   0x0001c6eb      0x23c ./Core/Src/sysmem.o
 .debug_macro   0x0001c927      0x1b9 ./Core/Src/system_stm32f3xx.o
 .debug_macro   0x0001cae0      0x154 ./Core/Src/user_interface.o
 .debug_macro   0x0001cc34       0x9e ./Core/Src/user_interface.o
 .debug_macro   0x0001ccd2      0x112 ./Core/Src/user_interface.o
 .debug_macro   0x0001cde4      0x1dd ./Drivers/STM32F3xx_HAL_Driver/Src/stm32f3xx_hal.o
 .debug_macro   0x0001cfc1      0x1b9 ./Drivers/STM32F3xx_HAL_Driver/Src/stm32f3xx_hal_cortex.o
 .debug_macro   0x0001d17a      0x1c0 ./Drivers/STM32F3xx_HAL_Driver/Src/stm32f3xx_hal_gpio.o
 .debug_macro   0x0001d33a      0x1dd ./Drivers/STM32F3xx_HAL_Driver/Src/stm32f3xx_hal_rcc.o
 .debug_macro   0x0001d517      0x1ba ./Drivers/STM32F3xx_HAL_Driver/Src/stm32f3xx_hal_tsc.o

.debug_line     0x00000000     0x92e3
 .debug_line    0x00000000      0xae2 ./Core/Src/game.o
 .debug_line    0x00000ae2      0x882 ./Core/Src/led_control.o
 .debug_line    0x00001364      0xa36 ./Core/Src/main.o
 .debug_line    0x00001d9a      0x883 ./Core/Src/serial.o
 .debug_line    0x0000261d      0x79d ./Core/Src/signal.o
 .debug_line    0x00002dba      0x7ec ./Core/Src/stm32f3xx_hal_msp.o
 .debug_line    0x000035a6      0x7d3 ./Core/Src/stm32f3xx_it.o
 .debug_line    0x00003d79      0x588 ./Core/Src/sysmem.o
 .debug_line    0x00004301      0x79e ./Core/Src/system_stm32f3xx.o
 .debug_line    0x00004a9f      0x5e1 ./Core/Src/user_interface.o
 .debug_line    0x00005080       0x7a ./Core/Startup/startup_stm32f303vctx.o
 .debug_line    0x000050fa      0x9da ./Drivers/STM32F3xx_HAL_Driver/Src/stm32f3xx_hal.o
 .debug_line    0x00005ad4      0xca5 ./Drivers/STM32F3xx_HAL_Driver/Src/stm32f3xx_hal_cortex.o
 .debug_line    0x00006779      0xb25 ./Drivers/STM32F3xx_HAL_Driver/Src/stm32f3xx_hal_gpio.o
 .debug_line    0x0000729e     0x1539 ./Drivers/STM32F3xx_HAL_Driver/Src/stm32f3xx_hal_rcc.o
 .debug_line    0x000087d7      0xb0c ./Drivers/STM32F3xx_HAL_Driver/Src/stm32f3xx_hal_tsc.o

.debug_str      0x00000000    0xabb1a
 .debug_str     0x00000000    0xabb1a ./Core/Src/game.o
                              0xa9d9b (size before relaxing)
 .debug_str     0x000abb1a    0xa645b ./Core/Src/led_control.o
 .debug_str     0x000abb1a    0xaa52d ./Core/Src/main.o
 .debug_str     0x000abb1a    0x75d01 ./Core/Src/serial.o
 .debug_str     0x000abb1a    0xa6428 ./Core/Src/signal.o
 .debug_str     0x000abb1a    0xa69e5 ./Core/Src/stm32f3xx_hal_msp.o
 .debug_str     0x000abb1a    0xa66e8 ./Core/Src/stm32f3xx_it.o
 .debug_str     0x000abb1a     0x7783 ./Core/Src/sysmem.o
 .debug_str     0x000abb1a    0xa644b ./Core/Src/system_stm32f3xx.o
 .debug_str     0x000abb1a     0x7992 ./Core/Src/user_interface.o
 .debug_str     0x000abb1a       0x85 ./Core/Startup/startup_stm32f303vctx.o
 .debug_str     0x000abb1a    0xa6c89 ./Drivers/STM32F3xx_HAL_Driver/Src/stm32f3xx_hal.o
 .debug_str     0x000abb1a    0xa6d0d ./Drivers/STM32F3xx_HAL_Driver/Src/stm32f3xx_hal_cortex.o
 .debug_str     0x000abb1a    0xa65b8 ./Drivers/STM32F3xx_HAL_Driver/Src/stm32f3xx_hal_gpio.o
 .debug_str     0x000abb1a    0xa68eb ./Drivers/STM32F3xx_HAL_Driver/Src/stm32f3xx_hal_rcc.o
 .debug_str     0x000abb1a    0xa67fb ./Drivers/STM32F3xx_HAL_Driver/Src/stm32f3xx_hal_tsc.o

.comment        0x00000000       0x43
 .comment       0x00000000       0x43 ./Core/Src/game.o
                                 0x44 (size before relaxing)
 .comment       0x00000043       0x44 ./Core/Src/led_control.o
 .comment       0x00000043       0x44 ./Core/Src/main.o
 .comment       0x00000043       0x44 ./Core/Src/serial.o
 .comment       0x00000043       0x44 ./Core/Src/signal.o
 .comment       0x00000043       0x44 ./Core/Src/stm32f3xx_hal_msp.o
 .comment       0x00000043       0x44 ./Core/Src/stm32f3xx_it.o
 .comment       0x00000043       0x44 ./Core/Src/sysmem.o
 .comment       0x00000043       0x44 ./Core/Src/system_stm32f3xx.o
 .comment       0x00000043       0x44 ./Core/Src/user_interface.o
 .comment       0x00000043       0x44 ./Drivers/STM32F3xx_HAL_Driver/Src/stm32f3xx_hal.o
 .comment       0x00000043       0x44 ./Drivers/STM32F3xx_HAL_Driver/Src/stm32f3xx_hal_cortex.o
 .comment       0x00000043       0x44 ./Drivers/STM32F3xx_HAL_Driver/Src/stm32f3xx_hal_gpio.o
 .comment       0x00000043       0x44 ./Drivers/STM32F3xx_HAL_Driver/Src/stm32f3xx_hal_rcc.o
 .comment       0x00000043       0x44 ./Drivers/STM32F3xx_HAL_Driver/Src/stm32f3xx_hal_tsc.o

.debug_frame    0x00000000     0x1b04
 .debug_frame   0x00000000       0xf8 ./Core/Src/game.o
 .debug_frame   0x000000f8      0x13c ./Core/Src/led_control.o
 .debug_frame   0x00000234       0xb0 ./Core/Src/main.o
 .debug_frame   0x000002e4      0x118 ./Core/Src/serial.o
 .debug_frame   0x000003fc       0x90 ./Core/Src/signal.o
 .debug_frame   0x0000048c       0x7c ./Core/Src/stm32f3xx_hal_msp.o
 .debug_frame   0x00000508      0x104 ./Core/Src/stm32f3xx_it.o
 .debug_frame   0x0000060c       0x34 ./Core/Src/sysmem.o
 .debug_frame   0x00000640       0x58 ./Core/Src/system_stm32f3xx.o
 .debug_frame   0x00000698       0x88 ./Core/Src/user_interface.o
 .debug_frame   0x00000720      0x334 ./Drivers/STM32F3xx_HAL_Driver/Src/stm32f3xx_hal.o
 .debug_frame   0x00000a54      0x4e8 ./Drivers/STM32F3xx_HAL_Driver/Src/stm32f3xx_hal_cortex.o
 .debug_frame   0x00000f3c      0x14c ./Drivers/STM32F3xx_HAL_Driver/Src/stm32f3xx_hal_gpio.o
 .debug_frame   0x00001088      0x214 ./Drivers/STM32F3xx_HAL_Driver/Src/stm32f3xx_hal_rcc.o
 .debug_frame   0x0000129c      0x2d4 ./Drivers/STM32F3xx_HAL_Driver/Src/stm32f3xx_hal_tsc.o
 .debug_frame   0x00001570      0x144 C:/ST/STM32CubeIDE_1.17.0/STM32CubeIDE/plugins/com.st.stm32cube.ide.mcu.externaltools.gnu-tools-for-stm32.13.3.rel1.win32_1.0.0.202411081344/tools/bin/../lib/gcc/arm-none-eabi/13.3.1/../../../../arm-none-eabi/lib/thumb/v7e-m+fp/hard\libc_nano.a(libc_a-findfp.o)
 .debug_frame   0x000016b4       0x7c C:/ST/STM32CubeIDE_1.17.0/STM32CubeIDE/plugins/com.st.stm32cube.ide.mcu.externaltools.gnu-tools-for-stm32.13.3.rel1.win32_1.0.0.202411081344/tools/bin/../lib/gcc/arm-none-eabi/13.3.1/../../../../arm-none-eabi/lib/thumb/v7e-m+fp/hard\libc_nano.a(libc_a-snprintf.o)
 .debug_frame   0x00001730       0x20 C:/ST/STM32CubeIDE_1.17.0/STM32CubeIDE/plugins/com.st.stm32cube.ide.mcu.externaltools.gnu-tools-for-stm32.13.3.rel1.win32_1.0.0.202411081344/tools/bin/../lib/gcc/arm-none-eabi/13.3.1/../../../../arm-none-eabi/lib/thumb/v7e-m+fp/hard\libc_nano.a(libc_a-memset.o)
 .debug_frame   0x00001750       0x38 C:/ST/STM32CubeIDE_1.17.0/STM32CubeIDE/plugins/com.st.stm32cube.ide.mcu.externaltools.gnu-tools-for-stm32.13.3.rel1.win32_1.0.0.202411081344/tools/bin/../lib/gcc/arm-none-eabi/13.3.1/../../../../arm-none-eabi/lib/thumb/v7e-m+fp/hard\libc_nano.a(libc_a-reent.o)
 .debug_frame   0x00001788       0x20 C:/ST/STM32CubeIDE_1.17.0/STM32CubeIDE/plugins/com.st.stm32cube.ide.mcu.externaltools.gnu-tools-for-stm32.13.3.rel1.win32_1.0.0.202411081344/tools/bin/../lib/gcc/arm-none-eabi/13.3.1/../../../../arm-none-eabi/lib/thumb/v7e-m+fp/hard\libc_nano.a(libc_a-errno.o)
 .debug_frame   0x000017a8       0x2c C:/ST/STM32CubeIDE_1.17.0/STM32CubeIDE/plugins/com.st.stm32cube.ide.mcu.externaltools.gnu-tools-for-stm32.13.3.rel1.win32_1.0.0.202411081344/tools/bin/../lib/gcc/arm-none-eabi/13.3.1/../../../../arm-none-eabi/lib/thumb/v7e-m+fp/hard\libc_nano.a(libc_a-init.o)
 .debug_frame   0x000017d4       0xb0 C:/ST/STM32CubeIDE_1.17.0/STM32CubeIDE/plugins/com.st.stm32cube.ide.mcu.externaltools.gnu-tools-for-stm32.13.3.rel1.win32_1.0.0.202411081344/tools/bin/../lib/gcc/arm-none-eabi/13.3.1/../../../../arm-none-eabi/lib/thumb/v7e-m+fp/hard\libc_nano.a(libc_a-lock.o)
 .debug_frame   0x00001884       0x28 C:/ST/STM32CubeIDE_1.17.0/STM32CubeIDE/plugins/com.st.stm32cube.ide.mcu.externaltools.gnu-tools-for-stm32.13.3.rel1.win32_1.0.0.202411081344/tools/bin/../lib/gcc/arm-none-eabi/13.3.1/../../../../arm-none-eabi/lib/thumb/v7e-m+fp/hard\libc_nano.a(libc_a-memcpy-stub.o)
 .debug_frame   0x000018ac       0x38 C:/ST/STM32CubeIDE_1.17.0/STM32CubeIDE/plugins/com.st.stm32cube.ide.mcu.externaltools.gnu-tools-for-stm32.13.3.rel1.win32_1.0.0.202411081344/tools/bin/../lib/gcc/arm-none-eabi/13.3.1/../../../../arm-none-eabi/lib/thumb/v7e-m+fp/hard\libc_nano.a(libc_a-freer.o)
 .debug_frame   0x000018e4       0x50 C:/ST/STM32CubeIDE_1.17.0/STM32CubeIDE/plugins/com.st.stm32cube.ide.mcu.externaltools.gnu-tools-for-stm32.13.3.rel1.win32_1.0.0.202411081344/tools/bin/../lib/gcc/arm-none-eabi/13.3.1/../../../../arm-none-eabi/lib/thumb/v7e-m+fp/hard\libc_nano.a(libc_a-mallocr.o)
 .debug_frame   0x00001934       0x30 C:/ST/STM32CubeIDE_1.17.0/STM32CubeIDE/plugins/com.st.stm32cube.ide.mcu.externaltools.gnu-tools-for-stm32.13.3.rel1.win32_1.0.0.202411081344/tools/bin/../lib/gcc/arm-none-eabi/13.3.1/../../../../arm-none-eabi/lib/thumb/v7e-m+fp/hard\libc_nano.a(libc_a-mlock.o)
 .debug_frame   0x00001964       0x90 C:/ST/STM32CubeIDE_1.17.0/STM32CubeIDE/plugins/com.st.stm32cube.ide.mcu.externaltools.gnu-tools-for-stm32.13.3.rel1.win32_1.0.0.202411081344/tools/bin/../lib/gcc/arm-none-eabi/13.3.1/../../../../arm-none-eabi/lib/thumb/v7e-m+fp/hard\libc_nano.a(libc_a-nano-svfprintf.o)
 .debug_frame   0x000019f4       0x60 C:/ST/STM32CubeIDE_1.17.0/STM32CubeIDE/plugins/com.st.stm32cube.ide.mcu.externaltools.gnu-tools-for-stm32.13.3.rel1.win32_1.0.0.202411081344/tools/bin/../lib/gcc/arm-none-eabi/13.3.1/../../../../arm-none-eabi/lib/thumb/v7e-m+fp/hard\libc_nano.a(libc_a-nano-vfprintf_i.o)
 .debug_frame   0x00001a54       0x28 C:/ST/STM32CubeIDE_1.17.0/STM32CubeIDE/plugins/com.st.stm32cube.ide.mcu.externaltools.gnu-tools-for-stm32.13.3.rel1.win32_1.0.0.202411081344/tools/bin/../lib/gcc/arm-none-eabi/13.3.1/../../../../arm-none-eabi/lib/thumb/v7e-m+fp/hard\libc_nano.a(libc_a-memmove.o)
 .debug_frame   0x00001a7c       0x2c C:/ST/STM32CubeIDE_1.17.0/STM32CubeIDE/plugins/com.st.stm32cube.ide.mcu.externaltools.gnu-tools-for-stm32.13.3.rel1.win32_1.0.0.202411081344/tools/bin/../lib/gcc/arm-none-eabi/13.3.1/../../../../arm-none-eabi/lib/thumb/v7e-m+fp/hard\libc_nano.a(libc_a-sbrkr.o)
 .debug_frame   0x00001aa8       0x3c C:/ST/STM32CubeIDE_1.17.0/STM32CubeIDE/plugins/com.st.stm32cube.ide.mcu.externaltools.gnu-tools-for-stm32.13.3.rel1.win32_1.0.0.202411081344/tools/bin/../lib/gcc/arm-none-eabi/13.3.1/../../../../arm-none-eabi/lib/thumb/v7e-m+fp/hard\libc_nano.a(libc_a-reallocr.o)
 .debug_frame   0x00001ae4       0x20 C:/ST/STM32CubeIDE_1.17.0/STM32CubeIDE/plugins/com.st.stm32cube.ide.mcu.externaltools.gnu-tools-for-stm32.13.3.rel1.win32_1.0.0.202411081344/tools/bin/../lib/gcc/arm-none-eabi/13.3.1/../../../../arm-none-eabi/lib/thumb/v7e-m+fp/hard\libc_nano.a(libc_a-msizer.o)

.debug_line_str
                0x00000000       0x69
 .debug_line_str
                0x00000000       0x69 ./Core/Startup/startup_stm32f303vctx.o
