Archive member included to satisfy reference by file (symbol)

/Applications/STM32CubeIDE.app/Contents/Eclipse/plugins/com.st.stm32cube.ide.mcu.externaltools.gnu-tools-for-stm32.13.3.rel1.macos64_1.0.0.202411102158/tools/bin/../lib/gcc/arm-none-eabi/13.3.1/../../../../arm-none-eabi/lib/thumb/v7e-m+fp/hard/libc_nano.a(libc_a-exit.o)
                              /Applications/STM32CubeIDE.app/Contents/Eclipse/plugins/com.st.stm32cube.ide.mcu.externaltools.gnu-tools-for-stm32.13.3.rel1.macos64_1.0.0.202411102158/tools/bin/../lib/gcc/arm-none-eabi/13.3.1/../../../../arm-none-eabi/lib/thumb/v7e-m+fp/hard/crt0.o (exit)
/Applications/STM32CubeIDE.app/Contents/Eclipse/plugins/com.st.stm32cube.ide.mcu.externaltools.gnu-tools-for-stm32.13.3.rel1.macos64_1.0.0.202411102158/tools/bin/../lib/gcc/arm-none-eabi/13.3.1/../../../../arm-none-eabi/lib/thumb/v7e-m+fp/hard/libc_nano.a(libc_a-findfp.o)
                              /Applications/STM32CubeIDE.app/Contents/Eclipse/plugins/com.st.stm32cube.ide.mcu.externaltools.gnu-tools-for-stm32.13.3.rel1.macos64_1.0.0.202411102158/tools/bin/../lib/gcc/arm-none-eabi/13.3.1/../../../../arm-none-eabi/lib/thumb/v7e-m+fp/hard/libc_nano.a(libc_a-exit.o) (__stdio_exit_handler)
/Applications/STM32CubeIDE.app/Contents/Eclipse/plugins/com.st.stm32cube.ide.mcu.externaltools.gnu-tools-for-stm32.13.3.rel1.macos64_1.0.0.202411102158/tools/bin/../lib/gcc/arm-none-eabi/13.3.1/../../../../arm-none-eabi/lib/thumb/v7e-m+fp/hard/libc_nano.a(libc_a-fwalk.o)
                              /Applications/STM32CubeIDE.app/Contents/Eclipse/plugins/com.st.stm32cube.ide.mcu.externaltools.gnu-tools-for-stm32.13.3.rel1.macos64_1.0.0.202411102158/tools/bin/../lib/gcc/arm-none-eabi/13.3.1/../../../../arm-none-eabi/lib/thumb/v7e-m+fp/hard/libc_nano.a(libc_a-findfp.o) (_fwalk_sglue)
/Applications/STM32CubeIDE.app/Contents/Eclipse/plugins/com.st.stm32cube.ide.mcu.externaltools.gnu-tools-for-stm32.13.3.rel1.macos64_1.0.0.202411102158/tools/bin/../lib/gcc/arm-none-eabi/13.3.1/../../../../arm-none-eabi/lib/thumb/v7e-m+fp/hard/libc_nano.a(libc_a-memset.o)
                              /Applications/STM32CubeIDE.app/Contents/Eclipse/plugins/com.st.stm32cube.ide.mcu.externaltools.gnu-tools-for-stm32.13.3.rel1.macos64_1.0.0.202411102158/tools/bin/../lib/gcc/arm-none-eabi/13.3.1/../../../../arm-none-eabi/lib/thumb/v7e-m+fp/hard/crt0.o (memset)
/Applications/STM32CubeIDE.app/Contents/Eclipse/plugins/com.st.stm32cube.ide.mcu.externaltools.gnu-tools-for-stm32.13.3.rel1.macos64_1.0.0.202411102158/tools/bin/../lib/gcc/arm-none-eabi/13.3.1/../../../../arm-none-eabi/lib/thumb/v7e-m+fp/hard/libc_nano.a(libc_a-errno.o)
                              ./Core/Src/syscalls.o (__errno)
/Applications/STM32CubeIDE.app/Contents/Eclipse/plugins/com.st.stm32cube.ide.mcu.externaltools.gnu-tools-for-stm32.13.3.rel1.macos64_1.0.0.202411102158/tools/bin/../lib/gcc/arm-none-eabi/13.3.1/../../../../arm-none-eabi/lib/thumb/v7e-m+fp/hard/libc_nano.a(libc_a-init.o)
                              /Applications/STM32CubeIDE.app/Contents/Eclipse/plugins/com.st.stm32cube.ide.mcu.externaltools.gnu-tools-for-stm32.13.3.rel1.macos64_1.0.0.202411102158/tools/bin/../lib/gcc/arm-none-eabi/13.3.1/../../../../arm-none-eabi/lib/thumb/v7e-m+fp/hard/crt0.o (__libc_init_array)
/Applications/STM32CubeIDE.app/Contents/Eclipse/plugins/com.st.stm32cube.ide.mcu.externaltools.gnu-tools-for-stm32.13.3.rel1.macos64_1.0.0.202411102158/tools/bin/../lib/gcc/arm-none-eabi/13.3.1/../../../../arm-none-eabi/lib/thumb/v7e-m+fp/hard/libc_nano.a(libc_a-lock.o)
                              /Applications/STM32CubeIDE.app/Contents/Eclipse/plugins/com.st.stm32cube.ide.mcu.externaltools.gnu-tools-for-stm32.13.3.rel1.macos64_1.0.0.202411102158/tools/bin/../lib/gcc/arm-none-eabi/13.3.1/../../../../arm-none-eabi/lib/thumb/v7e-m+fp/hard/libc_nano.a(libc_a-findfp.o) (__retarget_lock_init_recursive)
/Applications/STM32CubeIDE.app/Contents/Eclipse/plugins/com.st.stm32cube.ide.mcu.externaltools.gnu-tools-for-stm32.13.3.rel1.macos64_1.0.0.202411102158/tools/bin/../lib/gcc/arm-none-eabi/13.3.1/../../../../arm-none-eabi/lib/thumb/v7e-m+fp/hard/libc_nano.a(libc_a-impure.o)
                              /Applications/STM32CubeIDE.app/Contents/Eclipse/plugins/com.st.stm32cube.ide.mcu.externaltools.gnu-tools-for-stm32.13.3.rel1.macos64_1.0.0.202411102158/tools/bin/../lib/gcc/arm-none-eabi/13.3.1/../../../../arm-none-eabi/lib/thumb/v7e-m+fp/hard/libc_nano.a(libc_a-errno.o) (_impure_ptr)
/Applications/STM32CubeIDE.app/Contents/Eclipse/plugins/com.st.stm32cube.ide.mcu.externaltools.gnu-tools-for-stm32.13.3.rel1.macos64_1.0.0.202411102158/tools/bin/../lib/gcc/arm-none-eabi/13.3.1/../../../../arm-none-eabi/lib/thumb/v7e-m+fp/hard/libc_nano.a(libc_a-mallocr.o)
[...]
Memory Configuration

Name             Origin             Length             Attributes
CCMRAM           0x10000000         0x00002000         xrw
RAM              0x20000000         0x0000a000         xrw
FLASH            0x08000000         0x00040000         xr
*default*        0x00000000         0xffffffff

Linker script and memory map

LOAD /Applications/STM32CubeIDE.app/Contents/Eclipse/plugins/com.st.stm32cube.ide.mcu.externaltools.gnu-tools-for-stm32.13.3.rel1.macos64_1.0.0.202411102158/tools/bin/../lib/gcc/arm-none-eabi/13.3.1/thumb/v7e-m+fp/hard/crti.o
LOAD /Applications/STM32CubeIDE.app/Contents/Eclipse/plugins/com.st.stm32cube.ide.mcu.externaltools.gnu-tools-for-stm32.13.3.rel1.macos64_1.0.0.202411102158/tools/bin/../lib/gcc/arm-none-eabi/13.3.1/thumb/v7e-m+fp/hard/crtbegin.o
LOAD /Applications/STM32CubeIDE.app/Contents/Eclipse/plugins/com.st.stm32cube.ide.mcu.externaltools.gnu-tools-for-stm32.13.3.rel1.macos64_1.0.0.202411102158/tools/bin/../lib/gcc/arm-none-eabi/13.3.1/../../../../arm-none-eabi/lib/thumb/v7e-m+fp/hard/crt0.o
LOAD ./Core/Src/main.o
LOAD ./Core/Src/ptu_i2c.o
LOAD ./Core/Src/serial.o
LOAD ./Core/Src/stm32f3xx_hal_msp.o
LOAD ./Core/Src/stm32f3xx_it.o
LOAD ./Core/Src/syscalls.o
LOAD ./Core/Src/sysmem.o
LOAD ./Core/Src/system_stm32f3xx.o
LOAD ./Core/Startup/startup_stm32f303vctx.o
LOAD ./Drivers/STM32F3xx_HAL_Driver/Src/stm32f3xx_hal.o
LOAD ./Drivers/STM32F3xx_HAL_Driver/Src/stm32f3xx_hal_adc.o
LOAD ./Drivers/STM32F3xx_HAL_Driver/Src/stm32f3xx_hal_adc_ex.o
LOAD ./Drivers/STM32F3xx_HAL_Driver/Src/stm32f3xx_hal_cortex.o
LOAD ./Drivers/STM32F3xx_HAL_Driver/Src/stm32f3xx_hal_dma.o
LOAD ./Drivers/STM32F3xx_HAL_Driver/Src/stm32f3xx_hal_exti.o
LOAD ./Drivers/STM32F3xx_HAL_Driver/Src/stm32f3xx_hal_flash.o
LOAD ./Drivers/STM32F3xx_HAL_Driver/Src/stm32f3xx_hal_flash_ex.o
LOAD ./Drivers/STM32F3xx_HAL_Driver/Src/stm32f3xx_hal_gpio.o
LOAD ./Drivers/STM32F3xx_HAL_Driver/Src/stm32f3xx_hal_i2c.o
LOAD ./Drivers/STM32F3xx_HAL_Driver/Src/stm32f3xx_hal_i2c_ex.o
LOAD ./Drivers/STM32F3xx_HAL_Driver/Src/stm32f3xx_hal_pcd.o
LOAD ./Drivers/STM32F3xx_HAL_Driver/Src/stm32f3xx_hal_pcd_ex.o
LOAD ./Drivers/STM32F3xx_HAL_Driver/Src/stm32f3xx_hal_pwr.o
LOAD ./Drivers/STM32F3xx_HAL_Driver/Src/stm32f3xx_hal_pwr_ex.o
LOAD ./Drivers/STM32F3xx_HAL_Driver/Src/stm32f3xx_hal_rcc.o
LOAD ./Drivers/STM32F3xx_HAL_Driver/Src/stm32f3xx_hal_rcc_ex.o
LOAD ./Drivers/STM32F3xx_HAL_Driver/Src/stm32f3xx_hal_tim.o
LOAD ./Drivers/STM32F3xx_HAL_Driver/Src/stm32f3xx_hal_tim_ex.o
LOAD ./Drivers/STM32F3xx_HAL_Driver/Src/stm32f3xx_ll_usb.o
START GROUP
LOAD /Applications/STM32CubeIDE.app/Contents/Eclipse/plugins/com.st.stm32cube.ide.mcu.externaltools.gnu-tools-for-stm32.13.3.rel1.macos64_1.0.0.202411102158/tools/bin/../lib/gcc/arm-none-eabi/13.3.1/../../../../arm-none-eabi/lib/thumb/v7e-m+fp/hard/libc_nano.a
LOAD /Applications/STM32CubeIDE.app/Contents/Eclipse/plugins/com.st.stm32cube.ide.mcu.externaltools.gnu-tools-for-stm32.13.3.rel1.macos64_1.0.0.202411102158/tools/bin/../lib/gcc/arm-none-eabi/13.3.1/../../../../arm-none-eabi/lib/thumb/v7e-m+fp/hard/libm.a
END GROUP
START GROUP
LOAD /Applications/STM32CubeIDE.app/Contents/Eclipse/plugins/com.st.stm32cube.ide.mcu.externaltools.gnu-tools-for-stm32.13.3.rel1.macos64_1.0.0.202411102158/tools/bin/../lib/gcc/arm-none-eabi/13.3.1/thumb/v7e-m+fp/hard/libgcc.a
LOAD /Applications/STM32CubeIDE.app/Contents/Eclipse/plugins/com.st.stm32cube.ide.mcu.externaltools.gnu-tools-for-stm32.13.3.rel1.macos64_1.0.0.202411102158/tools/bin/../lib/gcc/arm-none-eabi/13.3.1/../../../../arm-none-eabi/lib/thumb/v7e-m+fp/hard/libc_nano.a
END GROUP
START GROUP
LOAD /Applications/STM32CubeIDE.app/Contents/Eclipse/plugins/com.st.stm32cube.ide.mcu.externaltools.gnu-tools-for-stm32.13.3.rel1.macos64_1.0.0.202411102158/tools/bin/../lib/gcc/arm-none-eabi/13.3.1/thumb/v7e-m+fp/hard/libgcc.a
LOAD /Applications/STM32CubeIDE.app/Contents/Eclipse/plugins/com.st.stm32cube.ide.mcu.externaltools.gnu-tools-for-stm32.13.3.rel1.macos64_1.0.0.202411102158/tools/bin/../lib/gcc/arm-none-eabi/13.3.1/../../../../arm-none-eabi/lib/thumb/v7e-m+fp/hard/libc_nano.a
LOAD /Applications/STM32CubeIDE.app/Contents/Eclipse/plugins/com.st.stm32cube.ide.mcu.externaltools.gnu-tools-for-stm32.13.3.rel1.macos64_1.0.0.202411102158/tools/bin/../lib/gcc/arm-none-eabi/13.3.1/../../../../arm-none-eabi/lib/thumb/v7e-m+fp/hard/libnosys.a
END GROUP
START GROUP
LOAD /Applications/STM32CubeIDE.app/Contents/Eclipse/plugins/com.st.stm32cube.ide.mcu.externaltools.gnu-tools-for-stm32.13.3.rel1.macos64_1.0.0.202411102158/tools/bin/../lib/gcc/arm-none-eabi/13.3.1/thumb/v7e-m+fp/hard/libgcc.a
LOAD /Applications/STM32CubeIDE.app/Contents/Eclipse/plugins/com.st.stm32cube.ide.mcu.externaltools.gnu-tools-for-stm32.13.3.rel1.macos64_1.0.0.202411102158/tools/bin/../lib/gcc/arm-none-eabi/13.3.1/../../../../arm-none-eabi/lib/thumb/v7e-m+fp/hard/libc_nano.a
LOAD /Applications/STM32CubeIDE.app/Contents/Eclipse/plugins/com.st.stm32cube.ide.mcu.externaltools.gnu-tools-for-stm32.13.3.rel1.macos64_1.0.0.202411102158/tools/bin/../lib/gcc/arm-none-eabi/13.3.1/../../../../arm-none-eabi/lib/thumb/v7e-m+fp/hard/libnosys.a
END GROUP
LOAD /Applications/STM32CubeIDE.app/Contents/Eclipse/plugins/com.st.stm32cube.ide.mcu.externaltools.gnu-tools-for-stm32.13.3.rel1.macos64_1.0.0.202411102158/tools/bin/../lib/gcc/arm-none-eabi/13.3.1/thumb/v7e-m+fp/hard/crtend.o
LOAD /Applications/STM32CubeIDE.app/Contents/Eclipse/plugins/com.st.stm32cube.ide.mcu.externaltools.gnu-tools-for-stm32.13.3.rel1.macos64_1.0.0.202411102158/tools/bin/../lib/gcc/arm-none-eabi/13.3.1/thumb/v7e-m+fp/hard/crtn.o
                0x2000a000                        _estack = (ORIGIN (RAM) + LENGTH (RAM))
                0x00000200                        _Min_Heap_Size = 0x200
                0x00000400                        _Min_Stack_Size = 0x400

.isr_vector     0x08000000      0x188
                0x08000000                        . = ALIGN (0x4)
 *(.isr_vector)
 .isr_vector    0x08000000      0x188 ./Core/Startup/startup_stm32f303vctx.o
                0x08000000                g_pfnVectors
                0x08000188                        . = ALIGN (0x4)

.text           0x08000188     0x6654
                0x08000188                        . = ALIGN (0x4)
 *(.text)
 .text          0x08000188       0x40 /Applications/STM32CubeIDE.app/Contents/Eclipse/plugins/com.st.stm32cube.ide.mcu.externaltools.gnu-tools-for-stm32.13.3.rel1.macos64_1.0.0.202411102158/tools/bin/../lib/gcc/arm-none-eabi/13.3.1/thumb/v7e-m+fp/hard/crtbegin.o
 *(.text*)
 .text.get_filtered_distance
                0x080001c8       0x48 ./Core/Src/main.o
                0x080001c8                get_filtered_distance
 .text.map      0x08000210       0x38 ./Core/Src/main.o
                0x08000210                map
 .text.enable_clocks
                0x08000248       0x20 ./Core/Src/main.o
                0x08000248                enable_clocks
 .text.initialise_board
                0x08000268       0x24 ./Core/Src/main.o
                0x08000268                initialise_board
 .text.HAL_TIM_IC_CaptureCallback
                0x0800028c      0x158 ./Core/Src/main.o
                0x0800028c                HAL_TIM_IC_CaptureCallback
 .text.main     0x080003e4      0x2c4 ./Core/Src/main.o
                0x080003e4                main
 .text.SystemClock_Config
                0x080006a8       0xcc ./Core/Src/main.o
                0x080006a8                SystemClock_Config
 .text.MX_ADC1_Init
                0x08000774       0xe0 ./Core/Src/main.o
 .text.MX_ADC2_Init
                0x08000854       0xbc ./Core/Src/main.o
 .text.MX_I2C1_Init
                0x08000910       0x80 ./Core/Src/main.o
 .text.MX_TIM1_Init
                0x08000990       0xec ./Core/Src/main.o
 .text.MX_TIM2_Init
                0x08000a7c       0xcc ./Core/Src/main.o
 .text.MX_USB_PCD_Init
                0x08000b48       0x44 ./Core/Src/main.o
 .text.MX_GPIO_Init
                0x08000b8c      0x148 ./Core/Src/main.o
 .text.Error_Handler
                0x08000cd4        0xc ./Core/Src/main.o
                0x08000cd4                Error_Handler
 .text.initialise_ptu_i2c
                0x08000ce0       0x98 ./Core/Src/ptu_i2c.o
                0x08000ce0                initialise_ptu_i2c
 .text.SerialInitialise
                0x08000d78       0xe8 ./Core/Src/serial.o
                0x08000d78                SerialInitialise
 .text.HAL_MspInit
                0x08000e60       0x48 ./Core/Src/stm32f3xx_hal_msp.o
                0x08000e60                HAL_MspInit
 .text.HAL_ADC_MspInit
                0x08000ea8       0xfc ./Core/Src/stm32f3xx_hal_msp.o
                0x08000ea8                HAL_ADC_MspInit
 .text.HAL_I2C_MspInit
                0x08000fa4       0x88 ./Core/Src/stm32f3xx_hal_msp.o
                0x08000fa4                HAL_I2C_MspInit
 .text.HAL_TIM_Base_MspInit
                0x0800102c       0x98 ./Core/Src/stm32f3xx_hal_msp.o
                0x0800102c                HAL_TIM_Base_MspInit
 .text.HAL_TIM_PWM_MspInit
                0x080010c4       0x48 ./Core/Src/stm32f3xx_hal_msp.o
                0x080010c4                HAL_TIM_PWM_MspInit
 .text.HAL_TIM_MspPostInit
                0x0800110c       0x6c ./Core/Src/stm32f3xx_hal_msp.o
                0x0800110c                HAL_TIM_MspPostInit
 .text.HAL_PCD_MspInit
                0x08001178       0x88 ./Core/Src/stm32f3xx_hal_msp.o
                0x08001178                HAL_PCD_MspInit
 .text.NMI_Handler
                0x08001200        0x8 ./Core/Src/stm32f3xx_it.o
                0x08001200                NMI_Handler
 .text.HardFault_Handler
                0x08001208        0x8 ./Core/Src/stm32f3xx_it.o
                0x08001208                HardFault_Handler
 .text.MemManage_Handler
                0x08001210        0x8 ./Core/Src/stm32f3xx_it.o
                0x08001210                MemManage_Handler
 .text.BusFault_Handler
                0x08001218        0x8 ./Core/Src/stm32f3xx_it.o
                0x08001218                BusFault_Handler
 .text.UsageFault_Handler
                0x08001220        0x8 ./Core/Src/stm32f3xx_it.o
                0x08001220                UsageFault_Handler
 .text.SVC_Handler
                0x08001228        0xe ./Core/Src/stm32f3xx_it.o
                0x08001228                SVC_Handler
 .text.DebugMon_Handler
                0x08001236        0xe ./Core/Src/stm32f3xx_it.o
                0x08001236                DebugMon_Handler
 .text.PendSV_Handler
                0x08001244        0xe ./Core/Src/stm32f3xx_it.o
                0x08001244                PendSV_Handler
 .text.SysTick_Handler
                0x08001252        0xc ./Core/Src/stm32f3xx_it.o
                0x08001252                SysTick_Handler
 *fill*         0x0800125e        0x2 
 .text.TIM1_CC_IRQHandler
                0x08001260       0x14 ./Core/Src/stm32f3xx_it.o
                0x08001260                TIM1_CC_IRQHandler
 .text.TIM2_IRQHandler
                0x08001274       0x14 ./Core/Src/stm32f3xx_it.o
                0x08001274                TIM2_IRQHandler
 .text.SystemInit
                0x08001288       0x24 ./Core/Src/system_stm32f3xx.o
                0x08001288                SystemInit
 .text.Reset_Handler
                0x080012ac       0x50 ./Core/Startup/startup_stm32f303vctx.o
                0x080012ac                Reset_Handler
 .text.Default_Handler
                0x080012fc        0x2 ./Core/Startup/startup_stm32f303vctx.o
                0x080012fc                TIM1_BRK_TIM15_IRQHandler
                0x080012fc                TIM8_TRG_COM_IRQHandler
                0x080012fc                TIM8_CC_IRQHandler
                0x080012fc                USB_HP_IRQHandler
                0x080012fc                PVD_IRQHandler
                0x080012fc                TAMP_STAMP_IRQHandler
                0x080012fc                EXTI3_IRQHandler
                0x080012fc                USB_HP_CAN_TX_IRQHandler
                0x080012fc                EXTI0_IRQHandler
                0x080012fc                I2C2_EV_IRQHandler
                0x080012fc                FPU_IRQHandler
                0x080012fc                TIM1_UP_TIM16_IRQHandler
                0x080012fc                ADC1_2_IRQHandler
                0x080012fc                SPI1_IRQHandler
                0x080012fc                CAN_SCE_IRQHandler
                0x080012fc                TIM6_DAC_IRQHandler
                0x080012fc                TIM8_UP_IRQHandler
                0x080012fc                DMA2_Channel2_IRQHandler
                0x080012fc                DMA1_Channel4_IRQHandler
                0x080012fc                USART3_IRQHandler
                0x080012fc                DMA1_Channel7_IRQHandler
                0x080012fc                UART5_IRQHandler
                0x080012fc                ADC3_IRQHandler
                0x080012fc                TIM4_IRQHandler
                0x080012fc                CAN_RX1_IRQHandler
                0x080012fc                DMA2_Channel1_IRQHandler
                0x080012fc                I2C1_EV_IRQHandler
                0x080012fc                DMA1_Channel6_IRQHandler
                0x080012fc                UART4_IRQHandler
                0x080012fc                DMA2_Channel4_IRQHandler
                0x080012fc                TIM3_IRQHandler
                0x080012fc                RCC_IRQHandler
                0x080012fc                DMA1_Channel1_IRQHandler
                0x080012fc                Default_Handler
                0x080012fc                USBWakeUp_RMP_IRQHandler
                0x080012fc                EXTI15_10_IRQHandler
                0x080012fc                TIM7_IRQHandler
                0x080012fc                EXTI9_5_IRQHandler
                0x080012fc                RTC_WKUP_IRQHandler
                0x080012fc                SPI2_IRQHandler
                0x080012fc                USB_LP_CAN_RX0_IRQHandler
                0x080012fc                DMA2_Channel5_IRQHandler
                0x080012fc                DMA1_Channel5_IRQHandler
                0x080012fc                USB_LP_IRQHandler
                0x080012fc                EXTI4_IRQHandler
                0x080012fc                TIM1_TRG_COM_TIM17_IRQHandler
                0x080012fc                DMA1_Channel3_IRQHandler
                0x080012fc                ADC4_IRQHandler
                0x080012fc                WWDG_IRQHandler
                0x080012fc                COMP7_IRQHandler
                0x080012fc                COMP1_2_3_IRQHandler
                0x080012fc                EXTI1_IRQHandler
                0x080012fc                USART2_IRQHandler
                0x080012fc                COMP4_5_6_IRQHandler
                0x080012fc                I2C2_ER_IRQHandler
                0x080012fc                DMA1_Channel2_IRQHandler
                0x080012fc                TIM8_BRK_IRQHandler
                0x080012fc                FLASH_IRQHandler
                0x080012fc                USART1_IRQHandler
                0x080012fc                SPI3_IRQHandler
                0x080012fc                I2C1_ER_IRQHandler
                0x080012fc                USBWakeUp_IRQHandler
                0x080012fc                DMA2_Channel3_IRQHandler
                0x080012fc                EXTI2_TSC_IRQHandler
                0x080012fc                RTC_Alarm_IRQHandler
 *fill*         0x080012fe        0x2 
 .text.HAL_Init
                0x08001300       0x2c ./Drivers/STM32F3xx_HAL_Driver/Src/stm32f3xx_hal.o
                0x08001300                HAL_Init
 .text.HAL_InitTick
                0x0800132c       0x60 ./Drivers/STM32F3xx_HAL_Driver/Src/stm32f3xx_hal.o
                0x0800132c                HAL_InitTick
 .text.HAL_IncTick
                0x0800138c       0x28 ./Drivers/STM32F3xx_HAL_Driver/Src/stm32f3xx_hal.o
                0x0800138c                HAL_IncTick
 .text.HAL_GetTick
                0x080013b4       0x18 ./Drivers/STM32F3xx_HAL_Driver/Src/stm32f3xx_hal.o
                0x080013b4                HAL_GetTick
 .text.HAL_Delay
                0x080013cc       0x48 ./Drivers/STM32F3xx_HAL_Driver/Src/stm32f3xx_hal.o
                0x080013cc                HAL_Delay
 .text.HAL_ADC_Init
                0x08001414      0x3c0 ./Drivers/STM32F3xx_HAL_Driver/Src/stm32f3xx_hal_adc_ex.o
                0x08001414                HAL_ADC_Init
 .text.HAL_ADC_Start
                0x080017d4      0x22c ./Drivers/STM32F3xx_HAL_Driver/Src/stm32f3xx_hal_adc_ex.o
                0x080017d4                HAL_ADC_Start
 .text.HAL_ADC_PollForConversion
                0x08001a00      0x204 ./Drivers/STM32F3xx_HAL_Driver/Src/stm32f3xx_hal_adc_ex.o
                0x08001a00                HAL_ADC_PollForConversion
 .text.HAL_ADC_GetValue
                0x08001c04       0x1a ./Drivers/STM32F3xx_HAL_Driver/Src/stm32f3xx_hal_adc_ex.o
                0x08001c04                HAL_ADC_GetValue
 *fill*         0x08001c1e        0x2 
 .text.HAL_ADC_ConfigChannel
                0x08001c20      0x5d4 ./Drivers/STM32F3xx_HAL_Driver/Src/stm32f3xx_hal_adc_ex.o
                0x08001c20                HAL_ADC_ConfigChannel
 .text.HAL_ADCEx_MultiModeConfigChannel
                0x080021f4      0x1e4 ./Drivers/STM32F3xx_HAL_Driver/Src/stm32f3xx_hal_adc_ex.o
                0x080021f4                HAL_ADCEx_MultiModeConfigChannel
 .text.ADC_Enable
                0x080023d8       0xc8 ./Drivers/STM32F3xx_HAL_Driver/Src/stm32f3xx_hal_adc_ex.o
 .text.ADC_Disable
                0x080024a0       0xcc ./Drivers/STM32F3xx_HAL_Driver/Src/stm32f3xx_hal_adc_ex.o
 .text.__NVIC_SetPriorityGrouping
                0x0800256c       0x48 ./Drivers/STM32F3xx_HAL_Driver/Src/stm32f3xx_hal_cortex.o
 .text.__NVIC_GetPriorityGrouping
                0x080025b4       0x1c ./Drivers/STM32F3xx_HAL_Driver/Src/stm32f3xx_hal_cortex.o
 .text.__NVIC_EnableIRQ
                0x080025d0       0x3c ./Drivers/STM32F3xx_HAL_Driver/Src/stm32f3xx_hal_cortex.o
 .text.__NVIC_SetPriority
                0x0800260c       0x54 ./Drivers/STM32F3xx_HAL_Driver/Src/stm32f3xx_hal_cortex.o
 .text.NVIC_EncodePriority
                0x08002660       0x66 ./Drivers/STM32F3xx_HAL_Driver/Src/stm32f3xx_hal_cortex.o
 *fill*         0x080026c6        0x2 
 .text.SysTick_Config
                0x080026c8       0x44 ./Drivers/STM32F3xx_HAL_Driver/Src/stm32f3xx_hal_cortex.o
 .text.HAL_NVIC_SetPriorityGrouping
                0x0800270c       0x16 ./Drivers/STM32F3xx_HAL_Driver/Src/stm32f3xx_hal_cortex.o
                0x0800270c                HAL_NVIC_SetPriorityGrouping
 .text.HAL_NVIC_SetPriority
                0x08002722       0x38 ./Drivers/STM32F3xx_HAL_Driver/Src/stm32f3xx_hal_cortex.o
                0x08002722                HAL_NVIC_SetPriority
 .text.HAL_NVIC_EnableIRQ
                0x0800275a       0x1c ./Drivers/STM32F3xx_HAL_Driver/Src/stm32f3xx_hal_cortex.o
                0x0800275a                HAL_NVIC_EnableIRQ
 .text.HAL_SYSTICK_Config
                0x08002776       0x18 ./Drivers/STM32F3xx_HAL_Driver/Src/stm32f3xx_hal_cortex.o
                0x08002776                HAL_SYSTICK_Config
 *fill*         0x0800278e        0x2 
 .text.HAL_GPIO_Init
                0x08002790      0x2f4 ./Drivers/STM32F3xx_HAL_Driver/Src/stm32f3xx_hal_gpio.o
                0x08002790                HAL_GPIO_Init
 .text.HAL_GPIO_WritePin
                0x08002a84       0x30 ./Drivers/STM32F3xx_HAL_Driver/Src/stm32f3xx_hal_gpio.o
                0x08002a84                HAL_GPIO_WritePin
 .text.HAL_I2C_Init
                0x08002ab4      0x136 ./Drivers/STM32F3xx_HAL_Driver/Src/stm32f3xx_hal_i2c.o
                0x08002ab4                HAL_I2C_Init
 *fill*         0x08002bea        0x2 
 .text.HAL_I2C_Mem_Write
                0x08002bec      0x228 ./Drivers/STM32F3xx_HAL_Driver/Src/stm32f3xx_hal_i2c.o
                0x08002bec                HAL_I2C_Mem_Write
 .text.I2C_RequestMemoryWrite
                0x08002e14       0xa8 ./Drivers/STM32F3xx_HAL_Driver/Src/stm32f3xx_hal_i2c.o
 .text.I2C_Flush_TXDR
                0x08002ebc       0x48 ./Drivers/STM32F3xx_HAL_Driver/Src/stm32f3xx_hal_i2c.o
 .text.I2C_WaitOnFlagUntilTimeout
                0x08002f04       0xb2 ./Drivers/STM32F3xx_HAL_Driver/Src/stm32f3xx_hal_i2c.o
 .text.I2C_WaitOnTXISFlagUntilTimeout
                0x08002fb6       0x8e ./Drivers/STM32F3xx_HAL_Driver/Src/stm32f3xx_hal_i2c.o
 .text.I2C_WaitOnSTOPFlagUntilTimeout
                0x08003044       0x86 ./Drivers/STM32F3xx_HAL_Driver/Src/stm32f3xx_hal_i2c.o
 *fill*         0x080030ca        0x2 
 .text.I2C_IsErrorOccurred
                0x080030cc      0x1c0 ./Drivers/STM32F3xx_HAL_Driver/Src/stm32f3xx_hal_i2c.o
 .text.I2C_TransferConfig
                0x0800328c       0x64 ./Drivers/STM32F3xx_HAL_Driver/Src/stm32f3xx_hal_i2c.o
 .text.HAL_I2CEx_ConfigAnalogFilter
                0x080032f0       0x96 ./Drivers/STM32F3xx_HAL_Driver/Src/stm32f3xx_hal_i2c_ex.o
                0x080032f0                HAL_I2CEx_ConfigAnalogFilter
 .text.HAL_I2CEx_ConfigDigitalFilter
                0x08003386       0x98 ./Drivers/STM32F3xx_HAL_Driver/Src/stm32f3xx_hal_i2c_ex.o
                0x08003386                HAL_I2CEx_ConfigDigitalFilter
 .text.HAL_PCD_Init
                0x0800341e      0x18e ./Drivers/STM32F3xx_HAL_Driver/Src/stm32f3xx_hal_pcd.o
                0x0800341e                HAL_PCD_Init
 .text.HAL_RCC_OscConfig
                0x080035ac     0x101c ./Drivers/STM32F3xx_HAL_Driver/Src/stm32f3xx_hal_rcc.o
                0x080035ac                HAL_RCC_OscConfig
 .text.HAL_RCC_ClockConfig
                0x080045c8      0x2dc ./Drivers/STM32F3xx_HAL_Driver/Src/stm32f3xx_hal_rcc.o
                0x080045c8                HAL_RCC_ClockConfig
 .text.HAL_RCC_GetSysClockFreq
                0x080048a4       0xa8 ./Drivers/STM32F3xx_HAL_Driver/Src/stm32f3xx_hal_rcc.o
                0x080048a4                HAL_RCC_GetSysClockFreq
 .text.HAL_RCCEx_PeriphCLKConfig
                0x0800494c      0x35c ./Drivers/STM32F3xx_HAL_Driver/Src/stm32f3xx_hal_rcc_ex.o
                0x0800494c                HAL_RCCEx_PeriphCLKConfig
 .text.HAL_TIM_Base_Init
                0x08004ca8       0xae ./Drivers/STM32F3xx_HAL_Driver/Src/stm32f3xx_hal_tim.o
                0x08004ca8                HAL_TIM_Base_Init
 .text.HAL_TIM_PWM_Init
                0x08004d56       0xae ./Drivers/STM32F3xx_HAL_Driver/Src/stm32f3xx_hal_tim.o
                0x08004d56                HAL_TIM_PWM_Init
 .text.HAL_TIM_PWM_Start
                0x08004e04      0x200 ./Drivers/STM32F3xx_HAL_Driver/Src/stm32f3xx_hal_tim.o
                0x08004e04                HAL_TIM_PWM_Start
 .text.HAL_TIM_IC_Init
                0x08005004       0xae ./Drivers/STM32F3xx_HAL_Driver/Src/stm32f3xx_hal_tim.o
                0x08005004                HAL_TIM_IC_Init
 .text.HAL_TIM_IC_MspInit
                0x080050b2       0x14 ./Drivers/STM32F3xx_HAL_Driver/Src/stm32f3xx_hal_tim.o
                0x080050b2                HAL_TIM_IC_MspInit
 *fill*         0x080050c6        0x2 
 .text.HAL_TIM_IC_Start_IT
                0x080050c8      0x284 ./Drivers/STM32F3xx_HAL_Driver/Src/stm32f3xx_hal_tim.o
                0x080050c8                HAL_TIM_IC_Start_IT
 .text.HAL_TIM_IRQHandler
                0x0800534c      0x204 ./Drivers/STM32F3xx_HAL_Driver/Src/stm32f3xx_hal_tim.o
                0x0800534c                HAL_TIM_IRQHandler
 .text.HAL_TIM_IC_ConfigChannel
                0x08005550      0x138 ./Drivers/STM32F3xx_HAL_Driver/Src/stm32f3xx_hal_tim.o
                0x08005550                HAL_TIM_IC_ConfigChannel
 .text.HAL_TIM_PWM_ConfigChannel
                0x08005688      0x228 ./Drivers/STM32F3xx_HAL_Driver/Src/stm32f3xx_hal_tim.o
                0x08005688                HAL_TIM_PWM_ConfigChannel
 .text.HAL_TIM_ConfigClockSource
                0x080058b0      0x192 ./Drivers/STM32F3xx_HAL_Driver/Src/stm32f3xx_hal_tim.o
                0x080058b0                HAL_TIM_ConfigClockSource
 *fill*         0x08005a42        0x2 
 .text.HAL_TIM_ReadCapturedValue
                0x08005a44       0x88 ./Drivers/STM32F3xx_HAL_Driver/Src/stm32f3xx_hal_tim.o
                0x08005a44                HAL_TIM_ReadCapturedValue
 .text.HAL_TIM_PeriodElapsedCallback
                0x08005acc       0x14 ./Drivers/STM32F3xx_HAL_Driver/Src/stm32f3xx_hal_tim.o
                0x08005acc                HAL_TIM_PeriodElapsedCallback
 .text.HAL_TIM_OC_DelayElapsedCallback
                0x08005ae0       0x14 ./Drivers/STM32F3xx_HAL_Driver/Src/stm32f3xx_hal_tim.o
                0x08005ae0                HAL_TIM_OC_DelayElapsedCallback
 .text.HAL_TIM_PWM_PulseFinishedCallback
                0x08005af4       0x14 ./Drivers/STM32F3xx_HAL_Driver/Src/stm32f3xx_hal_tim.o
                0x08005af4                HAL_TIM_PWM_PulseFinishedCallback
 .text.HAL_TIM_TriggerCallback
                0x08005b08       0x14 ./Drivers/STM32F3xx_HAL_Driver/Src/stm32f3xx_hal_tim.o
                0x08005b08                HAL_TIM_TriggerCallback
 .text.TIM_Base_SetConfig
                0x08005b1c      0x138 ./Drivers/STM32F3xx_HAL_Driver/Src/stm32f3xx_hal_tim.o
                0x08005b1c                TIM_Base_SetConfig
 .text.TIM_OC1_SetConfig
                0x08005c54      0x120 ./Drivers/STM32F3xx_HAL_Driver/Src/stm32f3xx_hal_tim.o
 .text.TIM_OC2_SetConfig
                0x08005d74      0x114 ./Drivers/STM32F3xx_HAL_Driver/Src/stm32f3xx_hal_tim.o
                0x08005d74                TIM_OC2_SetConfig
 .text.TIM_OC3_SetConfig
                0x08005e88      0x110 ./Drivers/STM32F3xx_HAL_Driver/Src/stm32f3xx_hal_tim.o
 .text.TIM_OC4_SetConfig
                0x08005f98       0xd4 ./Drivers/STM32F3xx_HAL_Driver/Src/stm32f3xx_hal_tim.o
 .text.TIM_OC5_SetConfig
                0x0800606c       0xc8 ./Drivers/STM32F3xx_HAL_Driver/Src/stm32f3xx_hal_tim.o
 .text.TIM_OC6_SetConfig
                0x08006134       0xcc ./Drivers/STM32F3xx_HAL_Driver/Src/stm32f3xx_hal_tim.o
 .text.TIM_TI1_SetConfig
                0x08006200       0xd0 ./Drivers/STM32F3xx_HAL_Driver/Src/stm32f3xx_hal_tim.o
                0x08006200                TIM_TI1_SetConfig
 .text.TIM_TI1_ConfigInputStage
                0x080062d0       0x5e ./Drivers/STM32F3xx_HAL_Driver/Src/stm32f3xx_hal_tim.o
 .text.TIM_TI2_SetConfig
                0x0800632e       0x7a ./Drivers/STM32F3xx_HAL_Driver/Src/stm32f3xx_hal_tim.o
 .text.TIM_TI2_ConfigInputStage
                0x080063a8       0x60 ./Drivers/STM32F3xx_HAL_Driver/Src/stm32f3xx_hal_tim.o
 .text.TIM_TI3_SetConfig
                0x08006408       0x78 ./Drivers/STM32F3xx_HAL_Driver/Src/stm32f3xx_hal_tim.o
 .text.TIM_TI4_SetConfig
                0x08006480       0x7a ./Drivers/STM32F3xx_HAL_Driver/Src/stm32f3xx_hal_tim.o
 .text.TIM_ITRx_SetConfig
                0x080064fa       0x36 ./Drivers/STM32F3xx_HAL_Driver/Src/stm32f3xx_hal_tim.o
 .text.TIM_ETR_SetConfig
                0x08006530       0x40 ./Drivers/STM32F3xx_HAL_Driver/Src/stm32f3xx_hal_tim.o
                0x08006530                TIM_ETR_SetConfig
 .text.TIM_CCxChannelCmd
                0x08006570       0x4a ./Drivers/STM32F3xx_HAL_Driver/Src/stm32f3xx_hal_tim.o
                0x08006570                TIM_CCxChannelCmd
 *fill*         0x080065ba        0x2 
 .text.HAL_TIMEx_MasterConfigSynchronization
                0x080065bc      0x100 ./Drivers/STM32F3xx_HAL_Driver/Src/stm32f3xx_hal_tim_ex.o
                0x080065bc                HAL_TIMEx_MasterConfigSynchronization
 .text.HAL_TIMEx_CommutCallback
                0x080066bc       0x14 ./Drivers/STM32F3xx_HAL_Driver/Src/stm32f3xx_hal_tim_ex.o
                0x080066bc                HAL_TIMEx_CommutCallback
 .text.HAL_TIMEx_BreakCallback
                0x080066d0       0x14 ./Drivers/STM32F3xx_HAL_Driver/Src/stm32f3xx_hal_tim_ex.o
                0x080066d0                HAL_TIMEx_BreakCallback
 .text.HAL_TIMEx_Break2Callback
                0x080066e4       0x14 ./Drivers/STM32F3xx_HAL_Driver/Src/stm32f3xx_hal_tim_ex.o
                0x080066e4                HAL_TIMEx_Break2Callback
 .text.USB_DisableGlobalInt
                0x080066f8       0x36 ./Drivers/STM32F3xx_HAL_Driver/Src/stm32f3xx_ll_usb.o
                0x080066f8                USB_DisableGlobalInt
 .text.USB_DevInit
                0x0800672e       0x3c ./Drivers/STM32F3xx_HAL_Driver/Src/stm32f3xx_ll_usb.o
                0x0800672e                USB_DevInit
 .text.memset   0x0800676a       0x10 /Applications/STM32CubeIDE.app/Contents/Eclipse/plugins/com.st.stm32cube.ide.mcu.externaltools.gnu-tools-for-stm32.13.3.rel1.macos64_1.0.0.202411102158/tools/bin/../lib/gcc/arm-none-eabi/13.3.1/../../../../arm-none-eabi/lib/thumb/v7e-m+fp/hard/libc_nano.a(libc_a-memset.o)
                0x0800676a                memset
 *fill*         0x0800677a        0x2 
 .text.__libc_init_array
                0x0800677c       0x48 /Applications/STM32CubeIDE.app/Contents/Eclipse/plugins/com.st.stm32cube.ide.mcu.externaltools.gnu-tools-for-stm32.13.3.rel1.macos64_1.0.0.202411102158/tools/bin/../lib/gcc/arm-none-eabi/13.3.1/../../../../arm-none-eabi/lib/thumb/v7e-m+fp/hard/libc_nano.a(libc_a-init.o)
                0x0800677c                __libc_init_array
 *(.glue_7)
 .glue_7        0x080067c4        0x0 linker stubs
 *(.glue_7t)
 .glue_7t       0x080067c4        0x0 linker stubs
 *(.eh_frame)
 .eh_frame      0x080067c4        0x0 /Applications/STM32CubeIDE.app/Contents/Eclipse/plugins/com.st.stm32cube.ide.mcu.externaltools.gnu-tools-for-stm32.13.3.rel1.macos64_1.0.0.202411102158/tools/bin/../lib/gcc/arm-none-eabi/13.3.1/thumb/v7e-m+fp/hard/crtbegin.o
 *(.init)
 .init          0x080067c4        0x4 /Applications/STM32CubeIDE.app/Contents/Eclipse/plugins/com.st.stm32cube.ide.mcu.externaltools.gnu-tools-for-stm32.13.3.rel1.macos64_1.0.0.202411102158/tools/bin/../lib/gcc/arm-none-eabi/13.3.1/thumb/v7e-m+fp/hard/crti.o
                0x080067c4                _init
 .init          0x080067c8        0x8 /Applications/STM32CubeIDE.app/Contents/Eclipse/plugins/com.st.stm32cube.ide.mcu.externaltools.gnu-tools-for-stm32.13.3.rel1.macos64_1.0.0.202411102158/tools/bin/../lib/gcc/arm-none-eabi/13.3.1/thumb/v7e-m+fp/hard/crtn.o
 *(.fini)
 .fini          0x080067d0        0x4 /Applications/STM32CubeIDE.app/Contents/Eclipse/plugins/com.st.stm32cube.ide.mcu.externaltools.gnu-tools-for-stm32.13.3.rel1.macos64_1.0.0.202411102158/tools/bin/../lib/gcc/arm-none-eabi/13.3.1/thumb/v7e-m+fp/hard/crti.o
                0x080067d0                _fini
 .fini          0x080067d4        0x8 /Applications/STM32CubeIDE.app/Contents/Eclipse/plugins/com.st.stm32cube.ide.mcu.externaltools.gnu-tools-for-stm32.13.3.rel1.macos64_1.0.0.202411102158/tools/bin/../lib/gcc/arm-none-eabi/13.3.1/thumb/v7e-m+fp/hard/crtn.o
                0x080067dc                        . = ALIGN (0x4)
                0x080067dc                        _etext = .

.vfp11_veneer   0x080067dc        0x0
 .vfp11_veneer  0x080067dc        0x0 linker stubs

.v4_bx          0x080067dc        0x0
 .v4_bx         0x080067dc        0x0 linker stubs

.iplt           0x080067dc        0x0
 .iplt          0x080067dc        0x0 /Applications/STM32CubeIDE.app/Contents/Eclipse/plugins/com.st.stm32cube.ide.mcu.externaltools.gnu-tools-for-stm32.13.3.rel1.macos64_1.0.0.202411102158/tools/bin/../lib/gcc/arm-none-eabi/13.3.1/thumb/v7e-m+fp/hard/crtbegin.o

.rodata         0x080067dc       0x48
                0x080067dc                        . = ALIGN (0x4)
 *(.rodata)
 .rodata        0x080067dc       0x15 ./Core/Src/main.o
 *(.rodata*)
 *fill*         0x080067f1        0x3 
 .rodata.AHBPrescTable
                0x080067f4       0x10 ./Core/Src/system_stm32f3xx.o
                0x080067f4                AHBPrescTable
 .rodata.aPLLMULFactorTable
                0x08006804       0x10 ./Drivers/STM32F3xx_HAL_Driver/Src/stm32f3xx_hal_rcc.o
 .rodata.aPredivFactorTable
                0x08006814       0x10 ./Drivers/STM32F3xx_HAL_Driver/Src/stm32f3xx_hal_rcc.o
                0x08006824                        . = ALIGN (0x4)

.rel.dyn        0x08006824        0x0
 .rel.iplt      0x08006824        0x0 /Applications/STM32CubeIDE.app/Contents/Eclipse/plugins/com.st.stm32cube.ide.mcu.externaltools.gnu-tools-for-stm32.13.3.rel1.macos64_1.0.0.202411102158/tools/bin/../lib/gcc/arm-none-eabi/13.3.1/thumb/v7e-m+fp/hard/crtbegin.o

.ARM.extab      0x08006824        0x0
                0x08006824                        . = ALIGN (0x4)
 *(.ARM.extab* .gnu.linkonce.armextab.*)
                0x08006824                        . = ALIGN (0x4)

.ARM            0x08006824        0x0
                0x08006824                        . = ALIGN (0x4)
                0x08006824                        __exidx_start = .
 *(.ARM.exidx*)
                0x08006824                        __exidx_end = .
                0x08006824                        . = ALIGN (0x4)

.preinit_array  0x08006824        0x0
                0x08006824                        . = ALIGN (0x4)
                0x08006824                        PROVIDE (__preinit_array_start = .)
 *(.preinit_array*)
                0x08006824                        PROVIDE (__preinit_array_end = .)
                0x08006824                        . = ALIGN (0x4)

.init_array     0x08006824        0x4
                0x08006824                        . = ALIGN (0x4)
                0x08006824                        PROVIDE (__init_array_start = .)
 *(SORT_BY_NAME(.init_array.*))
 *(.init_array*)
 .init_array    0x08006824        0x4 /Applications/STM32CubeIDE.app/Contents/Eclipse/plugins/com.st.stm32cube.ide.mcu.externaltools.gnu-tools-for-stm32.13.3.rel1.macos64_1.0.0.202411102158/tools/bin/../lib/gcc/arm-none-eabi/13.3.1/thumb/v7e-m+fp/hard/crtbegin.o
                0x08006828                        PROVIDE (__init_array_end = .)
                0x08006828                        . = ALIGN (0x4)

.fini_array     0x08006828        0x4
                0x08006828                        . = ALIGN (0x4)
                [!provide]                        PROVIDE (__fini_array_start = .)
 *(SORT_BY_NAME(.fini_array.*))
 *(.fini_array*)
 .fini_array    0x08006828        0x4 /Applications/STM32CubeIDE.app/Contents/Eclipse/plugins/com.st.stm32cube.ide.mcu.externaltools.gnu-tools-for-stm32.13.3.rel1.macos64_1.0.0.202411102158/tools/bin/../lib/gcc/arm-none-eabi/13.3.1/thumb/v7e-m+fp/hard/crtbegin.o
                [!provide]                        PROVIDE (__fini_array_end = .)
                0x0800682c                        . = ALIGN (0x4)
                0x0800682c                        _sidata = LOADADDR (.data)

.data           0x20000000       0x4c load address 0x0800682c
                0x20000000                        . = ALIGN (0x4)
                0x20000000                        _sdata = .
 *(.data)
 *(.data*)
 .data.current_pan_pwm
                0x20000000        0x2 ./Core/Src/main.o
 .data.current_tilt_pwm
                0x20000002        0x2 ./Core/Src/main.o
 .data.last_edge_was_rising.2
                0x20000004        0x1 ./Core/Src/main.o
 *fill*         0x20000005        0x3 
 .data.USART1_PORT
                0x20000008       0x38 ./Core/Src/serial.o
                0x20000008                USART1_PORT
 .data.SystemCoreClock
                0x20000040        0x4 ./Core/Src/system_stm32f3xx.o
                0x20000040                SystemCoreClock
 .data.uwTickPrio
                0x20000044        0x4 ./Drivers/STM32F3xx_HAL_Driver/Src/stm32f3xx_hal.o
                0x20000044                uwTickPrio
 .data.uwTickFreq
                0x20000048        0x1 ./Drivers/STM32F3xx_HAL_Driver/Src/stm32f3xx_hal.o
                0x20000048                uwTickFreq
 *(.RamFunc)
 *(.RamFunc*)
                0x2000004c                        . = ALIGN (0x4)
 *fill*         0x20000049        0x3 
                0x2000004c                        _edata = .
                0x08006878                        _siccmram = LOADADDR (.ccmram)

.igot.plt       0x2000004c        0x0 load address 0x08006878
 .igot.plt      0x2000004c        0x0 /Applications/STM32CubeIDE.app/Contents/Eclipse/plugins/com.st.stm32cube.ide.mcu.externaltools.gnu-tools-for-stm32.13.3.rel1.macos64_1.0.0.202411102158/tools/bin/../lib/gcc/arm-none-eabi/13.3.1/thumb/v7e-m+fp/hard/crtbegin.o

.ccmram         0x10000000        0x0 load address 0x08006878
                0x10000000                        . = ALIGN (0x4)
                0x10000000                        _sccmram = .
 *(.ccmram)
 *(.ccmram*)
                0x10000000                        . = ALIGN (0x4)
                0x10000000                        _eccmram = .
                0x10000000                        . = ALIGN (0x4)

.bss            0x2000004c      0x4b0
                0x2000004c                        _sbss = .
                0x2000004c                        __bss_start__ = _sbss
 *(.bss)
 .bss           0x2000004c       0x1c /Applications/STM32CubeIDE.app/Contents/Eclipse/plugins/com.st.stm32cube.ide.mcu.externaltools.gnu-tools-for-stm32.13.3.rel1.macos64_1.0.0.202411102158/tools/bin/../lib/gcc/arm-none-eabi/13.3.1/thumb/v7e-m+fp/hard/crtbegin.o
 *(.bss*)
 .bss.distance_buffer
                0x20000068       0x14 ./Core/Src/main.o
                0x20000068                distance_buffer
 .bss.distance_index
                0x2000007c        0x1 ./Core/Src/main.o
                0x2000007c                distance_index
 *fill*         0x2000007d        0x3 
 .bss.hadc1     0x20000080       0x50 ./Core/Src/main.o
                0x20000080                hadc1
 .bss.hadc2     0x200000d0       0x50 ./Core/Src/main.o
                0x200000d0                hadc2
 .bss.hi2c1     0x20000120       0x54 ./Core/Src/main.o
                0x20000120                hi2c1
 .bss.htim1     0x20000174       0x4c ./Core/Src/main.o
                0x20000174                htim1
 .bss.htim2     0x200001c0       0x4c ./Core/Src/main.o
                0x200001c0                htim2
 .bss.hpcd_USB_FS
                0x2000020c      0x2d4 ./Core/Src/main.o
                0x2000020c                hpcd_USB_FS
 .bss.lidar_distance_mm
                0x200004e0        0x4 ./Core/Src/main.o
                0x200004e0                lidar_distance_mm
 .bss.joy_x     0x200004e4        0x4 ./Core/Src/main.o
                0x200004e4                joy_x
 .bss.joy_y     0x200004e8        0x4 ./Core/Src/main.o
                0x200004e8                joy_y
 .bss.rising_edge_time.1
                0x200004ec        0x4 ./Core/Src/main.o
 .bss.no_detection_counter.0
                0x200004f0        0x1 ./Core/Src/main.o
 *fill*         0x200004f1        0x3 
 .bss.HAL_RCC_ADC12_CLK_ENABLED
                0x200004f4        0x4 ./Core/Src/stm32f3xx_hal_msp.o
 .bss.uwTick    0x200004f8        0x4 ./Drivers/STM32F3xx_HAL_Driver/Src/stm32f3xx_hal.o
                0x200004f8                uwTick
 *(COMMON)
                0x200004fc                        . = ALIGN (0x4)
                0x200004fc                        _ebss = .
                0x200004fc                        __bss_end__ = _ebss

._user_heap_stack
                0x200004fc      0x604
                0x20000500                        . = ALIGN (0x8)
 *fill*         0x200004fc        0x4 
                [!provide]                        PROVIDE (end = .)
                0x20000500                        PROVIDE (_end = .)
                0x20000700                        . = (. + _Min_Heap_Size)
 *fill*         0x20000500      0x200 
                0x20000b00                        . = (. + _Min_Stack_Size)
 *fill*         0x20000700      0x400 
                0x20000b00                        . = ALIGN (0x8)

/DISCARD/
 libc.a(*)
 libm.a(*)
 libgcc.a(*)

.ARM.attributes
                0x00000000       0x30
 *(.ARM.attributes)
 .ARM.attributes
                0x00000000       0x22 /Applications/STM32CubeIDE.app/Contents/Eclipse/plugins/com.st.stm32cube.ide.mcu.externaltools.gnu-tools-for-stm32.13.3.rel1.macos64_1.0.0.202411102158/tools/bin/../lib/gcc/arm-none-eabi/13.3.1/thumb/v7e-m+fp/hard/crti.o
 .ARM.attributes
                0x00000022       0x34 /Applications/STM32CubeIDE.app/Contents/Eclipse/plugins/com.st.stm32cube.ide.mcu.externaltools.gnu-tools-for-stm32.13.3.rel1.macos64_1.0.0.202411102158/tools/bin/../lib/gcc/arm-none-eabi/13.3.1/thumb/v7e-m+fp/hard/crtbegin.o
 .ARM.attributes
                0x00000056       0x34 ./Core/Src/main.o
 .ARM.attributes
                0x0000008a       0x34 ./Core/Src/ptu_i2c.o
 .ARM.attributes
                0x000000be       0x34 ./Core/Src/serial.o
 .ARM.attributes
                0x000000f2       0x34 ./Core/Src/stm32f3xx_hal_msp.o
 .ARM.attributes
                0x00000126       0x34 ./Core/Src/stm32f3xx_it.o
 .ARM.attributes
                0x0000015a       0x34 ./Core/Src/system_stm32f3xx.o
 .ARM.attributes
                0x0000018e       0x21 ./Core/Startup/startup_stm32f303vctx.o
 .ARM.attributes
                0x000001af       0x34 ./Drivers/STM32F3xx_HAL_Driver/Src/stm32f3xx_hal.o
 .ARM.attributes
                0x000001e3       0x34 ./Drivers/STM32F3xx_HAL_Driver/Src/stm32f3xx_hal_adc_ex.o
 .ARM.attributes
                0x00000217       0x34 ./Drivers/STM32F3xx_HAL_Driver/Src/stm32f3xx_hal_cortex.o
 .ARM.attributes
                0x0000024b       0x34 ./Drivers/STM32F3xx_HAL_Driver/Src/stm32f3xx_hal_gpio.o
 .ARM.attributes
                0x0000027f       0x34 ./Drivers/STM32F3xx_HAL_Driver/Src/stm32f3xx_hal_i2c.o
 .ARM.attributes
                0x000002b3       0x34 ./Drivers/STM32F3xx_HAL_Driver/Src/stm32f3xx_hal_i2c_ex.o
 .ARM.attributes
                0x000002e7       0x34 ./Drivers/STM32F3xx_HAL_Driver/Src/stm32f3xx_hal_pcd.o
 .ARM.attributes
                0x0000031b       0x34 ./Drivers/STM32F3xx_HAL_Driver/Src/stm32f3xx_hal_rcc.o
 .ARM.attributes
                0x0000034f       0x34 ./Drivers/STM32F3xx_HAL_Driver/Src/stm32f3xx_hal_rcc_ex.o
 .ARM.attributes
                0x00000383       0x34 ./Drivers/STM32F3xx_HAL_Driver/Src/stm32f3xx_hal_tim.o
 .ARM.attributes
                0x000003b7       0x34 ./Drivers/STM32F3xx_HAL_Driver/Src/stm32f3xx_hal_tim_ex.o
 .ARM.attributes
                0x000003eb       0x34 ./Drivers/STM32F3xx_HAL_Driver/Src/stm32f3xx_ll_usb.o
 .ARM.attributes
                0x0000041f       0x34 /Applications/STM32CubeIDE.app/Contents/Eclipse/plugins/com.st.stm32cube.ide.mcu.externaltools.gnu-tools-for-stm32.13.3.rel1.macos64_1.0.0.202411102158/tools/bin/../lib/gcc/arm-none-eabi/13.3.1/../../../../arm-none-eabi/lib/thumb/v7e-m+fp/hard/libc_nano.a(libc_a-memset.o)
 .ARM.attributes
                0x00000453       0x34 /Applications/STM32CubeIDE.app/Contents/Eclipse/plugins/com.st.stm32cube.ide.mcu.externaltools.gnu-tools-for-stm32.13.3.rel1.macos64_1.0.0.202411102158/tools/bin/../lib/gcc/arm-none-eabi/13.3.1/../../../../arm-none-eabi/lib/thumb/v7e-m+fp/hard/libc_nano.a(libc_a-init.o)
 .ARM.attributes
                0x00000487       0x22 /Applications/STM32CubeIDE.app/Contents/Eclipse/plugins/com.st.stm32cube.ide.mcu.externaltools.gnu-tools-for-stm32.13.3.rel1.macos64_1.0.0.202411102158/tools/bin/../lib/gcc/arm-none-eabi/13.3.1/thumb/v7e-m+fp/hard/crtn.o
OUTPUT(MajorProjBase.elf elf32-littlearm)
LOAD linker stubs
LOAD /Applications/STM32CubeIDE.app/Contents/Eclipse/plugins/com.st.stm32cube.ide.mcu.externaltools.gnu-tools-for-stm32.13.3.rel1.macos64_1.0.0.202411102158/tools/bin/../lib/gcc/arm-none-eabi/13.3.1/../../../../arm-none-eabi/lib/thumb/v7e-m+fp/hard/libc.a
LOAD /Applications/STM32CubeIDE.app/Contents/Eclipse/plugins/com.st.stm32cube.ide.mcu.externaltools.gnu-tools-for-stm32.13.3.rel1.macos64_1.0.0.202411102158/tools/bin/../lib/gcc/arm-none-eabi/13.3.1/../../../../arm-none-eabi/lib/thumb/v7e-m+fp/hard/libm.a
LOAD /Applications/STM32CubeIDE.app/Contents/Eclipse/plugins/com.st.stm32cube.ide.mcu.externaltools.gnu-tools-for-stm32.13.3.rel1.macos64_1.0.0.202411102158/tools/bin/../lib/gcc/arm-none-eabi/13.3.1/thumb/v7e-m+fp/hard/libgcc.a

.debug_info     0x00000000    0x1312b
 .debug_info    0x00000000     0x2131 ./Core/Src/main.o
 .debug_info    0x00002131      0x6bd ./Core/Src/ptu_i2c.o
 .debug_info    0x000027ee      0x4fc ./Core/Src/serial.o
 .debug_info    0x00002cea     0x1906 ./Core/Src/stm32f3xx_hal_msp.o
 .debug_info    0x000045f0      0x6f7 ./Core/Src/stm32f3xx_it.o
 .debug_info    0x00004ce7      0x407 ./Core/Src/system_stm32f3xx.o
 .debug_info    0x000050ee       0x30 ./Core/Startup/startup_stm32f303vctx.o
 .debug_info    0x0000511e      0x7d4 ./Drivers/STM32F3xx_HAL_Driver/Src/stm32f3xx_hal.o
 .debug_info    0x000058f2     0x15b2 ./Drivers/STM32F3xx_HAL_Driver/Src/stm32f3xx_hal_adc_ex.o
 .debug_info    0x00006ea4      0xce4 ./Drivers/STM32F3xx_HAL_Driver/Src/stm32f3xx_hal_cortex.o
 .debug_info    0x00007b88      0x5fe ./Drivers/STM32F3xx_HAL_Driver/Src/stm32f3xx_hal_gpio.o
 .debug_info    0x00008186     0x20c3 ./Drivers/STM32F3xx_HAL_Driver/Src/stm32f3xx_hal_i2c.o
 .debug_info    0x0000a249      0x818 ./Drivers/STM32F3xx_HAL_Driver/Src/stm32f3xx_hal_i2c_ex.o
 .debug_info    0x0000aa61     0x166f ./Drivers/STM32F3xx_HAL_Driver/Src/stm32f3xx_hal_pcd.o
 .debug_info    0x0000c0d0     0x148a ./Drivers/STM32F3xx_HAL_Driver/Src/stm32f3xx_hal_rcc.o
 .debug_info    0x0000d55a      0x5b9 ./Drivers/STM32F3xx_HAL_Driver/Src/stm32f3xx_hal_rcc_ex.o
 .debug_info    0x0000db13     0x2a70 ./Drivers/STM32F3xx_HAL_Driver/Src/stm32f3xx_hal_tim.o
 .debug_info    0x00010583     0x156d ./Drivers/STM32F3xx_HAL_Driver/Src/stm32f3xx_hal_tim_ex.o
 .debug_info    0x00011af0     0x163b ./Drivers/STM32F3xx_HAL_Driver/Src/stm32f3xx_ll_usb.o

.debug_abbrev   0x00000000     0x28b7
 .debug_abbrev  0x00000000      0x3df ./Core/Src/main.o
 .debug_abbrev  0x000003df      0x16e ./Core/Src/ptu_i2c.o
 .debug_abbrev  0x0000054d      0x185 ./Core/Src/serial.o
 .debug_abbrev  0x000006d2      0x22a ./Core/Src/stm32f3xx_hal_msp.o
 .debug_abbrev  0x000008fc      0x194 ./Core/Src/stm32f3xx_it.o
 .debug_abbrev  0x00000a90      0x11a ./Core/Src/system_stm32f3xx.o
 .debug_abbrev  0x00000baa       0x24 ./Core/Startup/startup_stm32f303vctx.o
 .debug_abbrev  0x00000bce      0x215 ./Drivers/STM32F3xx_HAL_Driver/Src/stm32f3xx_hal.o
 .debug_abbrev  0x00000de3      0x28e ./Drivers/STM32F3xx_HAL_Driver/Src/stm32f3xx_hal_adc_ex.o
 .debug_abbrev  0x00001071      0x31e ./Drivers/STM32F3xx_HAL_Driver/Src/stm32f3xx_hal_cortex.o
 .debug_abbrev  0x0000138f      0x1ca ./Drivers/STM32F3xx_HAL_Driver/Src/stm32f3xx_hal_gpio.o
 .debug_abbrev  0x00001559      0x260 ./Drivers/STM32F3xx_HAL_Driver/Src/stm32f3xx_hal_i2c.o
 .debug_abbrev  0x000017b9      0x1c2 ./Drivers/STM32F3xx_HAL_Driver/Src/stm32f3xx_hal_i2c_ex.o
 .debug_abbrev  0x0000197b      0x2d9 ./Drivers/STM32F3xx_HAL_Driver/Src/stm32f3xx_hal_pcd.o
 .debug_abbrev  0x00001c54      0x300 ./Drivers/STM32F3xx_HAL_Driver/Src/stm32f3xx_hal_rcc.o
 .debug_abbrev  0x00001f54      0x221 ./Drivers/STM32F3xx_HAL_Driver/Src/stm32f3xx_hal_rcc_ex.o
 .debug_abbrev  0x00002175      0x278 ./Drivers/STM32F3xx_HAL_Driver/Src/stm32f3xx_hal_tim.o
 .debug_abbrev  0x000023ed      0x283 ./Drivers/STM32F3xx_HAL_Driver/Src/stm32f3xx_hal_tim_ex.o
 .debug_abbrev  0x00002670      0x247 ./Drivers/STM32F3xx_HAL_Driver/Src/stm32f3xx_ll_usb.o

.debug_aranges  0x00000000     0x10e8
 .debug_aranges
                0x00000000       0x90 ./Core/Src/main.o
 .debug_aranges
                0x00000090       0x20 ./Core/Src/ptu_i2c.o
 .debug_aranges
                0x000000b0       0x30 ./Core/Src/serial.o
 .debug_aranges
                0x000000e0       0x78 ./Core/Src/stm32f3xx_hal_msp.o
 .debug_aranges
                0x00000158       0x70 ./Core/Src/stm32f3xx_it.o
 .debug_aranges
                0x000001c8       0x28 ./Core/Src/system_stm32f3xx.o
 .debug_aranges
                0x000001f0       0x28 ./Core/Startup/startup_stm32f303vctx.o
 .debug_aranges
                0x00000218       0xe0 ./Drivers/STM32F3xx_HAL_Driver/Src/stm32f3xx_hal.o
 .debug_aranges
                0x000002f8      0x168 ./Drivers/STM32F3xx_HAL_Driver/Src/stm32f3xx_hal_adc_ex.o
 .debug_aranges
                0x00000460      0x128 ./Drivers/STM32F3xx_HAL_Driver/Src/stm32f3xx_hal_cortex.o
 .debug_aranges
                0x00000588       0x58 ./Drivers/STM32F3xx_HAL_Driver/Src/stm32f3xx_hal_gpio.o
 .debug_aranges
                0x000005e0      0x2a0 ./Drivers/STM32F3xx_HAL_Driver/Src/stm32f3xx_hal_i2c.o
 .debug_aranges
                0x00000880       0x48 ./Drivers/STM32F3xx_HAL_Driver/Src/stm32f3xx_hal_i2c_ex.o
 .debug_aranges
                0x000008c8      0x140 ./Drivers/STM32F3xx_HAL_Driver/Src/stm32f3xx_hal_pcd.o
 .debug_aranges
                0x00000a08       0x88 ./Drivers/STM32F3xx_HAL_Driver/Src/stm32f3xx_hal_rcc.o
 .debug_aranges
                0x00000a90       0x38 ./Drivers/STM32F3xx_HAL_Driver/Src/stm32f3xx_hal_rcc_ex.o
 .debug_aranges
                0x00000ac8      0x3e0 ./Drivers/STM32F3xx_HAL_Driver/Src/stm32f3xx_hal_tim.o
 .debug_aranges
                0x00000ea8      0x178 ./Drivers/STM32F3xx_HAL_Driver/Src/stm32f3xx_hal_tim_ex.o
 .debug_aranges
                0x00001020       0xc8 ./Drivers/STM32F3xx_HAL_Driver/Src/stm32f3xx_ll_usb.o

.debug_rnglists
                0x00000000      0xd33
 .debug_rnglists
                0x00000000       0x70 ./Core/Src/main.o
 .debug_rnglists
                0x00000070       0x14 ./Core/Src/ptu_i2c.o
 .debug_rnglists
                0x00000084       0x20 ./Core/Src/serial.o
 .debug_rnglists
                0x000000a4       0x5a ./Core/Src/stm32f3xx_hal_msp.o
 .debug_rnglists
                0x000000fe       0x4f ./Core/Src/stm32f3xx_it.o
 .debug_rnglists
                0x0000014d       0x1a ./Core/Src/system_stm32f3xx.o
 .debug_rnglists
                0x00000167       0x19 ./Core/Startup/startup_stm32f303vctx.o
 .debug_rnglists
                0x00000180       0xa3 ./Drivers/STM32F3xx_HAL_Driver/Src/stm32f3xx_hal.o
 .debug_rnglists
                0x00000223      0x126 ./Drivers/STM32F3xx_HAL_Driver/Src/stm32f3xx_hal_adc_ex.o
 .debug_rnglists
                0x00000349       0xda ./Drivers/STM32F3xx_HAL_Driver/Src/stm32f3xx_hal_cortex.o
 .debug_rnglists
                0x00000423       0x3f ./Drivers/STM32F3xx_HAL_Driver/Src/stm32f3xx_hal_gpio.o
 .debug_rnglists
                0x00000462      0x228 ./Drivers/STM32F3xx_HAL_Driver/Src/stm32f3xx_hal_i2c.o
 .debug_rnglists
                0x0000068a       0x35 ./Drivers/STM32F3xx_HAL_Driver/Src/stm32f3xx_hal_i2c_ex.o
 .debug_rnglists
                0x000006bf       0xf4 ./Drivers/STM32F3xx_HAL_Driver/Src/stm32f3xx_hal_pcd.o
 .debug_rnglists
                0x000007b3       0x66 ./Drivers/STM32F3xx_HAL_Driver/Src/stm32f3xx_hal_rcc.o
 .debug_rnglists
                0x00000819       0x28 ./Drivers/STM32F3xx_HAL_Driver/Src/stm32f3xx_hal_rcc_ex.o
 .debug_rnglists
                0x00000841      0x328 ./Drivers/STM32F3xx_HAL_Driver/Src/stm32f3xx_hal_tim.o
 .debug_rnglists
                0x00000b69      0x131 ./Drivers/STM32F3xx_HAL_Driver/Src/stm32f3xx_hal_tim_ex.o
 .debug_rnglists
                0x00000c9a       0x99 ./Drivers/STM32F3xx_HAL_Driver/Src/stm32f3xx_ll_usb.o

.debug_macro    0x00000000    0x1f34f
 .debug_macro   0x00000000      0x326 ./Core/Src/main.o
 .debug_macro   0x00000326      0xad8 ./Core/Src/main.o
 .debug_macro   0x00000dfe      0x164 ./Core/Src/main.o
 .debug_macro   0x00000f62       0x2e ./Core/Src/main.o
 .debug_macro   0x00000f90       0x28 ./Core/Src/main.o
 .debug_macro   0x00000fb8       0x22 ./Core/Src/main.o
 .debug_macro   0x00000fda       0x8e ./Core/Src/main.o
 .debug_macro   0x00001068       0x51 ./Core/Src/main.o
 .debug_macro   0x000010b9      0x103 ./Core/Src/main.o
 .debug_macro   0x000011bc       0x6a ./Core/Src/main.o
 .debug_macro   0x00001226      0x1df ./Core/Src/main.o
 .debug_macro   0x00001405       0x1c ./Core/Src/main.o
 .debug_macro   0x00001421       0x22 ./Core/Src/main.o
 .debug_macro   0x00001443       0xd9 ./Core/Src/main.o
 .debug_macro   0x0000151c     0x102d ./Core/Src/main.o
 .debug_macro   0x00002549      0x11f ./Core/Src/main.o
 .debug_macro   0x00002668    0x12a3a ./Core/Src/main.o
 .debug_macro   0x000150a2       0x6d ./Core/Src/main.o
 .debug_macro   0x0001510f     0x3574 ./Core/Src/main.o
 .debug_macro   0x00018683      0x190 ./Core/Src/main.o
 .debug_macro   0x00018813       0x55 ./Core/Src/main.o
 .debug_macro   0x00018868      0x961 ./Core/Src/main.o
 .debug_macro   0x000191c9      0x5fe ./Core/Src/main.o
 .debug_macro   0x000197c7      0x1b5 ./Core/Src/main.o
 .debug_macro   0x0001997c      0x1fb ./Core/Src/main.o
 .debug_macro   0x00019b77      0x1dc ./Core/Src/main.o
 .debug_macro   0x00019d53      0x1bc ./Core/Src/main.o
 .debug_macro   0x00019f0f       0x30 ./Core/Src/main.o
 .debug_macro   0x00019f3f       0x3c ./Core/Src/main.o
 .debug_macro   0x00019f7b      0x235 ./Core/Src/main.o
 .debug_macro   0x0001a1b0      0x9b1 ./Core/Src/main.o
 .debug_macro   0x0001ab61       0x77 ./Core/Src/main.o
 .debug_macro   0x0001abd8       0xc5 ./Core/Src/main.o
 .debug_macro   0x0001ac9d      0x21d ./Core/Src/main.o
 .debug_macro   0x0001aeba      0x22c ./Core/Src/main.o
 .debug_macro   0x0001b0e6       0x5b ./Core/Src/main.o
 .debug_macro   0x0001b141       0xa5 ./Core/Src/main.o
 .debug_macro   0x0001b1e6       0x73 ./Core/Src/main.o
 .debug_macro   0x0001b259      0x242 ./Core/Src/main.o
 .debug_macro   0x0001b49b       0x81 ./Core/Src/main.o
 .debug_macro   0x0001b51c       0xd3 ./Core/Src/main.o
 .debug_macro   0x0001b5ef      0xa60 ./Core/Src/main.o
 .debug_macro   0x0001c04f       0x89 ./Core/Src/main.o
 .debug_macro   0x0001c0d8      0x275 ./Core/Src/main.o
 .debug_macro   0x0001c34d      0x13c ./Core/Src/main.o
 .debug_macro   0x0001c489      0x142 ./Core/Src/main.o
 .debug_macro   0x0001c5cb       0x61 ./Core/Src/main.o
 .debug_macro   0x0001c62c       0x2a ./Core/Src/main.o
 .debug_macro   0x0001c656       0x43 ./Core/Src/main.o
 .debug_macro   0x0001c699       0x34 ./Core/Src/main.o
 .debug_macro   0x0001c6cd       0x16 ./Core/Src/main.o
 .debug_macro   0x0001c6e3       0x3c ./Core/Src/main.o
 .debug_macro   0x0001c71f      0x370 ./Core/Src/main.o
 .debug_macro   0x0001ca8f       0x10 ./Core/Src/main.o
 .debug_macro   0x0001ca9f       0x16 ./Core/Src/main.o
 .debug_macro   0x0001cab5       0x4a ./Core/Src/main.o
 .debug_macro   0x0001caff       0x34 ./Core/Src/main.o
 .debug_macro   0x0001cb33       0x10 ./Core/Src/main.o
 .debug_macro   0x0001cb43       0x58 ./Core/Src/main.o
 .debug_macro   0x0001cb9b       0x8e ./Core/Src/main.o
 .debug_macro   0x0001cc29       0x1c ./Core/Src/main.o
 .debug_macro   0x0001cc45      0x185 ./Core/Src/main.o
 .debug_macro   0x0001cdca       0x16 ./Core/Src/main.o
 .debug_macro   0x0001cde0       0x16 ./Core/Src/main.o
 .debug_macro   0x0001cdf6      0x146 ./Core/Src/main.o
 .debug_macro   0x0001cf3c       0x22 ./Core/Src/main.o
 .debug_macro   0x0001cf5e      0x19b ./Core/Src/main.o
 .debug_macro   0x0001d0f9      0x213 ./Core/Src/ptu_i2c.o
 .debug_macro   0x0001d30c       0xc9 ./Core/Src/serial.o
 .debug_macro   0x0001d3d5      0x20f ./Core/Src/stm32f3xx_hal_msp.o
 .debug_macro   0x0001d5e4      0x219 ./Core/Src/stm32f3xx_it.o
 .debug_macro   0x0001d7fd      0x200 ./Core/Src/system_stm32f3xx.o
 .debug_macro   0x0001d9fd      0x224 ./Drivers/STM32F3xx_HAL_Driver/Src/stm32f3xx_hal.o
 .debug_macro   0x0001dc21      0x22a ./Drivers/STM32F3xx_HAL_Driver/Src/stm32f3xx_hal_adc_ex.o
 .debug_macro   0x0001de4b      0x200 ./Drivers/STM32F3xx_HAL_Driver/Src/stm32f3xx_hal_cortex.o
 .debug_macro   0x0001e04b      0x207 ./Drivers/STM32F3xx_HAL_Driver/Src/stm32f3xx_hal_gpio.o
 .debug_macro   0x0001e252      0x2cc ./Drivers/STM32F3xx_HAL_Driver/Src/stm32f3xx_hal_i2c.o
 .debug_macro   0x0001e51e      0x200 ./Drivers/STM32F3xx_HAL_Driver/Src/stm32f3xx_hal_i2c_ex.o
 .debug_macro   0x0001e71e      0x20c ./Drivers/STM32F3xx_HAL_Driver/Src/stm32f3xx_hal_pcd.o
 .debug_macro   0x0001e92a      0x224 ./Drivers/STM32F3xx_HAL_Driver/Src/stm32f3xx_hal_rcc.o
 .debug_macro   0x0001eb4e      0x200 ./Drivers/STM32F3xx_HAL_Driver/Src/stm32f3xx_hal_rcc_ex.o
 .debug_macro   0x0001ed4e      0x201 ./Drivers/STM32F3xx_HAL_Driver/Src/stm32f3xx_hal_tim.o
 .debug_macro   0x0001ef4f      0x200 ./Drivers/STM32F3xx_HAL_Driver/Src/stm32f3xx_hal_tim_ex.o
 .debug_macro   0x0001f14f      0x200 ./Drivers/STM32F3xx_HAL_Driver/Src/stm32f3xx_ll_usb.o

.debug_line     0x00000000    0x15b9d
 .debug_line    0x00000000      0xe72 ./Core/Src/main.o
 .debug_line    0x00000e72      0x76b ./Core/Src/ptu_i2c.o
 .debug_line    0x000015dd      0x55b ./Core/Src/serial.o
 .debug_line    0x00001b38      0x93d ./Core/Src/stm32f3xx_hal_msp.o
 .debug_line    0x00002475      0x82a ./Core/Src/stm32f3xx_it.o
 .debug_line    0x00002c9f      0x7c5 ./Core/Src/system_stm32f3xx.o
 .debug_line    0x00003464       0x7a ./Core/Startup/startup_stm32f303vctx.o
 .debug_line    0x000034de      0xa01 ./Drivers/STM32F3xx_HAL_Driver/Src/stm32f3xx_hal.o
 .debug_line    0x00003edf     0x25ef ./Drivers/STM32F3xx_HAL_Driver/Src/stm32f3xx_hal_adc_ex.o
 .debug_line    0x000064ce      0xccc ./Drivers/STM32F3xx_HAL_Driver/Src/stm32f3xx_hal_cortex.o
 .debug_line    0x0000719a      0xb4c ./Drivers/STM32F3xx_HAL_Driver/Src/stm32f3xx_hal_gpio.o
 .debug_line    0x00007ce6     0x3752 ./Drivers/STM32F3xx_HAL_Driver/Src/stm32f3xx_hal_i2c.o
 .debug_line    0x0000b438      0x8b1 ./Drivers/STM32F3xx_HAL_Driver/Src/stm32f3xx_hal_i2c_ex.o
 .debug_line    0x0000bce9     0x12c1 ./Drivers/STM32F3xx_HAL_Driver/Src/stm32f3xx_hal_pcd.o
 .debug_line    0x0000cfaa     0x1560 ./Drivers/STM32F3xx_HAL_Driver/Src/stm32f3xx_hal_rcc.o
 .debug_line    0x0000e50a      0xd9d ./Drivers/STM32F3xx_HAL_Driver/Src/stm32f3xx_hal_rcc_ex.o
 .debug_line    0x0000f2a7     0x3de6 ./Drivers/STM32F3xx_HAL_Driver/Src/stm32f3xx_hal_tim.o
 .debug_line    0x0001308d     0x1a2e ./Drivers/STM32F3xx_HAL_Driver/Src/stm32f3xx_hal_tim_ex.o
 .debug_line    0x00014abb     0x10e2 ./Drivers/STM32F3xx_HAL_Driver/Src/stm32f3xx_ll_usb.o

.debug_str      0x00000000    0xc048d
 .debug_str     0x00000000    0xc048d ./Core/Src/main.o
                              0xbc9db (size before relaxing)
 .debug_str     0x000c048d    0xb72f5 ./Core/Src/ptu_i2c.o
 .debug_str     0x000c048d    0x72649 ./Core/Src/serial.o
 .debug_str     0x000c048d    0xb8110 ./Core/Src/stm32f3xx_hal_msp.o
 .debug_str     0x000c048d    0xb7395 ./Core/Src/stm32f3xx_it.o
 .debug_str     0x000c048d    0xb6a50 ./Core/Src/system_stm32f3xx.o
 .debug_str     0x000c048d       0x82 ./Core/Startup/startup_stm32f303vctx.o
 .debug_str     0x000c048d    0xb728e ./Drivers/STM32F3xx_HAL_Driver/Src/stm32f3xx_hal.o
 .debug_str     0x000c048d    0xb7756 ./Drivers/STM32F3xx_HAL_Driver/Src/stm32f3xx_hal_adc_ex.o
 .debug_str     0x000c048d    0xb7312 ./Drivers/STM32F3xx_HAL_Driver/Src/stm32f3xx_hal_cortex.o
 .debug_str     0x000c048d    0xb6bbd ./Drivers/STM32F3xx_HAL_Driver/Src/stm32f3xx_hal_gpio.o
 .debug_str     0x000c048d    0xb7d50 ./Drivers/STM32F3xx_HAL_Driver/Src/stm32f3xx_hal_i2c.o
 .debug_str     0x000c048d    0xb6f47 ./Drivers/STM32F3xx_HAL_Driver/Src/stm32f3xx_hal_i2c_ex.o
 .debug_str     0x000c048d    0xb7285 ./Drivers/STM32F3xx_HAL_Driver/Src/stm32f3xx_hal_pcd.o
 .debug_str     0x000c048d    0xb6ef0 ./Drivers/STM32F3xx_HAL_Driver/Src/stm32f3xx_hal_rcc.o
 .debug_str     0x000c048d    0xb6cb4 ./Drivers/STM32F3xx_HAL_Driver/Src/stm32f3xx_hal_rcc_ex.o
 .debug_str     0x000c048d    0xb7e87 ./Drivers/STM32F3xx_HAL_Driver/Src/stm32f3xx_hal_tim.o
 .debug_str     0x000c048d    0xb76cd ./Drivers/STM32F3xx_HAL_Driver/Src/stm32f3xx_hal_tim_ex.o
 .debug_str     0x000c048d    0xb6dda ./Drivers/STM32F3xx_HAL_Driver/Src/stm32f3xx_ll_usb.o

.comment        0x00000000       0x43
 .comment       0x00000000       0x43 ./Core/Src/main.o
                                 0x44 (size before relaxing)
 .comment       0x00000043       0x44 ./Core/Src/ptu_i2c.o
 .comment       0x00000043       0x44 ./Core/Src/serial.o
 .comment       0x00000043       0x44 ./Core/Src/stm32f3xx_hal_msp.o
 .comment       0x00000043       0x44 ./Core/Src/stm32f3xx_it.o
 .comment       0x00000043       0x44 ./Core/Src/system_stm32f3xx.o
 .comment       0x00000043       0x44 ./Drivers/STM32F3xx_HAL_Driver/Src/stm32f3xx_hal.o
 .comment       0x00000043       0x44 ./Drivers/STM32F3xx_HAL_Driver/Src/stm32f3xx_hal_adc_ex.o
 .comment       0x00000043       0x44 ./Drivers/STM32F3xx_HAL_Driver/Src/stm32f3xx_hal_cortex.o
 .comment       0x00000043       0x44 ./Drivers/STM32F3xx_HAL_Driver/Src/stm32f3xx_hal_gpio.o
 .comment       0x00000043       0x44 ./Drivers/STM32F3xx_HAL_Driver/Src/stm32f3xx_hal_i2c.o
 .comment       0x00000043       0x44 ./Drivers/STM32F3xx_HAL_Driver/Src/stm32f3xx_hal_i2c_ex.o
 .comment       0x00000043       0x44 ./Drivers/STM32F3xx_HAL_Driver/Src/stm32f3xx_hal_pcd.o
 .comment       0x00000043       0x44 ./Drivers/STM32F3xx_HAL_Driver/Src/stm32f3xx_hal_rcc.o
 .comment       0x00000043       0x44 ./Drivers/STM32F3xx_HAL_Driver/Src/stm32f3xx_hal_rcc_ex.o
 .comment       0x00000043       0x44 ./Drivers/STM32F3xx_HAL_Driver/Src/stm32f3xx_hal_tim.o
 .comment       0x00000043       0x44 ./Drivers/STM32F3xx_HAL_Driver/Src/stm32f3xx_hal_tim_ex.o
 .comment       0x00000043       0x44 ./Drivers/STM32F3xx_HAL_Driver/Src/stm32f3xx_ll_usb.o

.debug_frame    0x00000000     0x47d0
 .debug_frame   0x00000000      0x21c ./Core/Src/main.o
 .debug_frame   0x0000021c       0x38 ./Core/Src/ptu_i2c.o
 .debug_frame   0x00000254       0x84 ./Core/Src/serial.o
 .debug_frame   0x000002d8      0x1c0 ./Core/Src/stm32f3xx_hal_msp.o
 .debug_frame   0x00000498      0x13c ./Core/Src/stm32f3xx_it.o
 .debug_frame   0x000005d4       0x58 ./Core/Src/system_stm32f3xx.o
 .debug_frame   0x0000062c      0x334 ./Drivers/STM32F3xx_HAL_Driver/Src/stm32f3xx_hal.o
 .debug_frame   0x00000960      0x644 ./Drivers/STM32F3xx_HAL_Driver/Src/stm32f3xx_hal_adc_ex.o
 .debug_frame   0x00000fa4      0x4e8 ./Drivers/STM32F3xx_HAL_Driver/Src/stm32f3xx_hal_cortex.o
 .debug_frame   0x0000148c      0x14c ./Drivers/STM32F3xx_HAL_Driver/Src/stm32f3xx_hal_gpio.o
 .debug_frame   0x000015d8      0xc38 ./Drivers/STM32F3xx_HAL_Driver/Src/stm32f3xx_hal_i2c.o
 .debug_frame   0x00002210      0x100 ./Drivers/STM32F3xx_HAL_Driver/Src/stm32f3xx_hal_i2c_ex.o
 .debug_frame   0x00002310      0x590 ./Drivers/STM32F3xx_HAL_Driver/Src/stm32f3xx_hal_pcd.o
 .debug_frame   0x000028a0      0x214 ./Drivers/STM32F3xx_HAL_Driver/Src/stm32f3xx_hal_rcc.o
 .debug_frame   0x00002ab4       0xb0 ./Drivers/STM32F3xx_HAL_Driver/Src/stm32f3xx_hal_rcc_ex.o
 .debug_frame   0x00002b64     0x1218 ./Drivers/STM32F3xx_HAL_Driver/Src/stm32f3xx_hal_tim.o
 .debug_frame   0x00003d7c      0x688 ./Drivers/STM32F3xx_HAL_Driver/Src/stm32f3xx_hal_tim_ex.o
 .debug_frame   0x00004404      0x380 ./Drivers/STM32F3xx_HAL_Driver/Src/stm32f3xx_ll_usb.o
 .debug_frame   0x00004784       0x20 /Applications/STM32CubeIDE.app/Contents/Eclipse/plugins/com.st.stm32cube.ide.mcu.externaltools.gnu-tools-for-stm32.13.3.rel1.macos64_1.0.0.202411102158/tools/bin/../lib/gcc/arm-none-eabi/13.3.1/../../../../arm-none-eabi/lib/thumb/v7e-m+fp/hard/libc_nano.a(libc_a-memset.o)
 .debug_frame   0x000047a4       0x2c /Applications/STM32CubeIDE.app/Contents/Eclipse/plugins/com.st.stm32cube.ide.mcu.externaltools.gnu-tools-for-stm32.13.3.rel1.macos64_1.0.0.202411102158/tools/bin/../lib/gcc/arm-none-eabi/13.3.1/../../../../arm-none-eabi/lib/thumb/v7e-m+fp/hard/libc_nano.a(libc_a-init.o)

.debug_line_str
                0x00000000       0x66
 .debug_line_str
                0x00000000       0x66 ./Core/Startup/startup_stm32f303vctx.o
