/Users/j_yang82/Desktop/MTRX2700-2025/stm32f303-definitions/Core/Inc/core_cm4.h:1688:22:__NVIC_EnableIRQ	16	static
/Users/j_yang82/Desktop/MTRX2700-2025/stm32f303-definitions/Core/Inc/core_cm4.h:1816:22:__NVIC_SetPriority	16	static
../Src/main.c:10:6:uart_send_string	16	static
../Src/main.c:18:6:display_time_uart	24	static
../Src/main.c:26:6:TIM2_IRQHandler	8	static
../Src/main.c:41:6:timer2_init	8	static
../Src/main.c:52:6:uart1_init	4	static
../Src/main.c:65:6:gpio_led_init	4	static
../Src/main.c:72:5:main	8	static
