../Core/Src/main.c:88:5:map	24	static
../Core/Src/main.c:93:10:get_filtered_distance	16	static
../Core/Src/main.c:102:6:enable_clocks	4	static
../Core/Src/main.c:107:6:initialise_board	16	static
../Core/Src/main.c:145:6:HAL_TIM_IC_CaptureCallback	32	static
../Core/Src/main.c:198:5:main	32	static
../Core/Src/main.c:289:6:SystemClock_Config	128	static
../Core/Src/main.c:341:13:MX_ADC1_Init	48	static
../Core/Src/main.c:407:13:MX_ADC2_Init	32	static
../Core/Src/main.c:464:13:MX_I2C1_Init	8	static
../Core/Src/main.c:512:13:MX_TIM1_Init	56	static
../Core/Src/main.c:572:13:MX_TIM2_Init	48	static
../Core/Src/main.c:625:13:MX_USB_PCD_Init	8	static
../Core/Src/main.c:656:13:MX_GPIO_Init	48	static
../Core/Src/main.c:729:6:Error_Handler	4	static,ignoring_inline_asm
