../Inc/core_cm4.h:1688:22:__NVIC_EnableIRQ	16	static
../Src/riddles.c:37:13:ToLowerCase	24	static
../Src/riddles.c:44:13:CaesarCipher	32	static
../Src/riddles.c:60:6:AskNewRiddle	24	static
../Src/riddles.c:67:13:AskMathQuestion	8	static
../Src/riddles.c:72:13:AskCaesarChallenge	8	static
../Src/riddles.c:76:6:OnLineReceived	88	static
../Src/riddles.c:137:9:isMinigame1Completed	4	static
../Src/riddles.c:141:9:isMinigame2Completed	4	static
../Src/riddles.c:179:6:SerialInitialise	32	static
../Src/riddles.c:210:6:SerialOutputChar	16	static
../Src/riddles.c:216:6:SerialOutputString	16	static
../Src/riddles.c:223:9:SerialGetChar	16	static
../Src/riddles.c:229:6:SerialSetReceiveCallback	16	static
../Src/riddles.c:234:6:SerialStartTransmission	16	static
../Src/riddles.c:241:6:USART1_EXTI25_IRQHandler	16	static
